Component: ARM Compiler 5.06 update 6 (build 750) Tool: armlink [4d35ed]

==============================================================================

Section Cross References

    startup_stm32f407xx.o(RESET) refers to startup_stm32f407xx.o(STACK) for __initial_sp
    startup_stm32f407xx.o(RESET) refers to startup_stm32f407xx.o(.text) for Reset_Handler
    startup_stm32f407xx.o(RESET) refers to stm32f4xx_it.o(i.NMI_Handler) for NMI_Handler
    startup_stm32f407xx.o(RESET) refers to stm32f4xx_it.o(i.HardFault_Handler) for HardFault_Handler
    startup_stm32f407xx.o(RESET) refers to stm32f4xx_it.o(i.MemManage_Handler) for MemManage_Handler
    startup_stm32f407xx.o(RESET) refers to stm32f4xx_it.o(i.BusFault_Handler) for BusFault_Handler
    startup_stm32f407xx.o(RESET) refers to stm32f4xx_it.o(i.UsageFault_Handler) for UsageFault_Handler
    startup_stm32f407xx.o(RESET) refers to stm32f4xx_it.o(i.SVC_Handler) for SVC_Handler
    startup_stm32f407xx.o(RESET) refers to stm32f4xx_it.o(i.DebugMon_Handler) for DebugMon_Handler
    startup_stm32f407xx.o(RESET) refers to stm32f4xx_it.o(i.PendSV_Handler) for PendSV_Handler
    startup_stm32f407xx.o(RESET) refers to stm32f4xx_it.o(i.SysTick_Handler) for SysTick_Handler
    startup_stm32f407xx.o(RESET) refers to stm32f4xx_it.o(i.DMA2_Stream0_IRQHandler) for DMA2_Stream0_IRQHandler
    startup_stm32f407xx.o(.text) refers to system_stm32f4xx.o(i.SystemInit) for SystemInit
    startup_stm32f407xx.o(.text) refers to entry.o(.ARM.Collect$$$$00000000) for __main
    main.o(i.HAL_ADC_ConvCpltCallback) refers to stm32f4xx_hal_gpio.o(i.HAL_GPIO_TogglePin) for HAL_GPIO_TogglePin
    main.o(i.HAL_ADC_ConvCpltCallback) refers to main.o(.data) for .data
    main.o(i.SystemClock_Config) refers to memseta.o(.text) for __aeabi_memclr4
    main.o(i.SystemClock_Config) refers to stm32f4xx_hal_rcc.o(i.HAL_RCC_OscConfig) for HAL_RCC_OscConfig
    main.o(i.SystemClock_Config) refers to stm32f4xx_hal_rcc.o(i.HAL_RCC_ClockConfig) for HAL_RCC_ClockConfig
    main.o(i.main) refers to stm32f4xx_hal.o(i.HAL_Init) for HAL_Init
    main.o(i.main) refers to main.o(i.SystemClock_Config) for SystemClock_Config
    main.o(i.main) refers to gpio.o(i.MX_GPIO_Init) for MX_GPIO_Init
    main.o(i.main) refers to dma.o(i.MX_DMA_Init) for MX_DMA_Init
    main.o(i.main) refers to adc.o(i.MX_ADC1_Init) for MX_ADC1_Init
    main.o(i.main) refers to tim.o(i.MX_TIM2_Init) for MX_TIM2_Init
    main.o(i.main) refers to stm32f4xx_hal_adc.o(i.HAL_ADC_Start_DMA) for HAL_ADC_Start_DMA
    main.o(i.main) refers to stm32f4xx_hal_tim.o(i.HAL_TIM_Base_Start) for HAL_TIM_Base_Start
    main.o(i.main) refers to stm32f4xx_hal_gpio.o(i.HAL_GPIO_TogglePin) for HAL_GPIO_TogglePin
    main.o(i.main) refers to stm32f4xx_hal.o(i.HAL_Delay) for HAL_Delay
    main.o(i.main) refers to main.o(.data) for .data
    main.o(i.main) refers to adc.o(.bss) for hadc1
    main.o(i.main) refers to tim.o(.bss) for htim2
    gpio.o(i.MX_GPIO_Init) refers to memseta.o(.text) for __aeabi_memclr4
    gpio.o(i.MX_GPIO_Init) refers to stm32f4xx_hal_gpio.o(i.HAL_GPIO_WritePin) for HAL_GPIO_WritePin
    gpio.o(i.MX_GPIO_Init) refers to stm32f4xx_hal_gpio.o(i.HAL_GPIO_Init) for HAL_GPIO_Init
    adc.o(i.HAL_ADC_MspDeInit) refers to stm32f4xx_hal_gpio.o(i.HAL_GPIO_DeInit) for HAL_GPIO_DeInit
    adc.o(i.HAL_ADC_MspDeInit) refers to stm32f4xx_hal_dma.o(i.HAL_DMA_DeInit) for HAL_DMA_DeInit
    adc.o(i.HAL_ADC_MspInit) refers to memseta.o(.text) for __aeabi_memclr4
    adc.o(i.HAL_ADC_MspInit) refers to stm32f4xx_hal_gpio.o(i.HAL_GPIO_Init) for HAL_GPIO_Init
    adc.o(i.HAL_ADC_MspInit) refers to stm32f4xx_hal_dma.o(i.HAL_DMA_Init) for HAL_DMA_Init
    adc.o(i.HAL_ADC_MspInit) refers to main.o(i.Error_Handler) for Error_Handler
    adc.o(i.HAL_ADC_MspInit) refers to adc.o(.bss) for .bss
    adc.o(i.MX_ADC1_Init) refers to stm32f4xx_hal_adc.o(i.HAL_ADC_Init) for HAL_ADC_Init
    adc.o(i.MX_ADC1_Init) refers to main.o(i.Error_Handler) for Error_Handler
    adc.o(i.MX_ADC1_Init) refers to stm32f4xx_hal_adc.o(i.HAL_ADC_ConfigChannel) for HAL_ADC_ConfigChannel
    adc.o(i.MX_ADC1_Init) refers to adc.o(.bss) for .bss
    dma.o(i.MX_DMA_Init) refers to stm32f4xx_hal_cortex.o(i.HAL_NVIC_SetPriority) for HAL_NVIC_SetPriority
    dma.o(i.MX_DMA_Init) refers to stm32f4xx_hal_cortex.o(i.HAL_NVIC_EnableIRQ) for HAL_NVIC_EnableIRQ
    tim.o(i.MX_TIM2_Init) refers to stm32f4xx_hal_tim.o(i.HAL_TIM_Base_Init) for HAL_TIM_Base_Init
    tim.o(i.MX_TIM2_Init) refers to main.o(i.Error_Handler) for Error_Handler
    tim.o(i.MX_TIM2_Init) refers to stm32f4xx_hal_tim.o(i.HAL_TIM_ConfigClockSource) for HAL_TIM_ConfigClockSource
    tim.o(i.MX_TIM2_Init) refers to stm32f4xx_hal_tim_ex.o(i.HAL_TIMEx_MasterConfigSynchronization) for HAL_TIMEx_MasterConfigSynchronization
    tim.o(i.MX_TIM2_Init) refers to tim.o(.bss) for .bss
    stm32f4xx_it.o(i.DMA2_Stream0_IRQHandler) refers to stm32f4xx_hal_dma.o(i.HAL_DMA_IRQHandler) for HAL_DMA_IRQHandler
[...]
    Removing stm32f4xx_hal_tim_ex.o(i.HAL_TIMEx_HallSensor_GetState), (6 bytes).
    Removing stm32f4xx_hal_tim_ex.o(i.HAL_TIMEx_HallSensor_Init), (188 bytes).
    Removing stm32f4xx_hal_tim_ex.o(i.HAL_TIMEx_HallSensor_MspDeInit), (2 bytes).
    Removing stm32f4xx_hal_tim_ex.o(i.HAL_TIMEx_HallSensor_MspInit), (2 bytes).
    Removing stm32f4xx_hal_tim_ex.o(i.HAL_TIMEx_HallSensor_Start), (38 bytes).
    Removing stm32f4xx_hal_tim_ex.o(i.HAL_TIMEx_HallSensor_Start_DMA), (128 bytes).
    Removing stm32f4xx_hal_tim_ex.o(i.HAL_TIMEx_HallSensor_Start_IT), (48 bytes).
    Removing stm32f4xx_hal_tim_ex.o(i.HAL_TIMEx_HallSensor_Stop), (46 bytes).
    Removing stm32f4xx_hal_tim_ex.o(i.HAL_TIMEx_HallSensor_Stop_DMA), (62 bytes).
    Removing stm32f4xx_hal_tim_ex.o(i.HAL_TIMEx_HallSensor_Stop_IT), (56 bytes).
    Removing stm32f4xx_hal_tim_ex.o(i.HAL_TIMEx_OCN_Start), (46 bytes).
    Removing stm32f4xx_hal_tim_ex.o(i.HAL_TIMEx_OCN_Start_DMA), (228 bytes).
    Removing stm32f4xx_hal_tim_ex.o(i.HAL_TIMEx_OCN_Start_IT), (94 bytes).
    Removing stm32f4xx_hal_tim_ex.o(i.HAL_TIMEx_OCN_Stop), (68 bytes).
    Removing stm32f4xx_hal_tim_ex.o(i.HAL_TIMEx_OCN_Stop_DMA), (130 bytes).
    Removing stm32f4xx_hal_tim_ex.o(i.HAL_TIMEx_OCN_Stop_IT), (122 bytes).
    Removing stm32f4xx_hal_tim_ex.o(i.HAL_TIMEx_OnePulseN_Start), (26 bytes).
    Removing stm32f4xx_hal_tim_ex.o(i.HAL_TIMEx_OnePulseN_Start_IT), (46 bytes).
    Removing stm32f4xx_hal_tim_ex.o(i.HAL_TIMEx_OnePulseN_Stop), (68 bytes).
    Removing stm32f4xx_hal_tim_ex.o(i.HAL_TIMEx_OnePulseN_Stop_IT), (88 bytes).
    Removing stm32f4xx_hal_tim_ex.o(i.HAL_TIMEx_PWMN_Start), (46 bytes).
    Removing stm32f4xx_hal_tim_ex.o(i.HAL_TIMEx_PWMN_Start_DMA), (228 bytes).
    Removing stm32f4xx_hal_tim_ex.o(i.HAL_TIMEx_PWMN_Start_IT), (94 bytes).
    Removing stm32f4xx_hal_tim_ex.o(i.HAL_TIMEx_PWMN_Stop), (68 bytes).
    Removing stm32f4xx_hal_tim_ex.o(i.HAL_TIMEx_PWMN_Stop_DMA), (130 bytes).
    Removing stm32f4xx_hal_tim_ex.o(i.HAL_TIMEx_PWMN_Stop_IT), (122 bytes).
    Removing stm32f4xx_hal_tim_ex.o(i.HAL_TIMEx_RemapConfig), (28 bytes).
    Removing stm32f4xx_hal_tim_ex.o(i.TIMEx_DMACommutationCplt), (16 bytes).
    Removing stm32f4xx_hal_tim_ex.o(i.TIMEx_DMACommutationHalfCplt), (16 bytes).
    Removing stm32f4xx_hal_tim_ex.o(i.TIM_CCxNChannelCmd), (26 bytes).
    Removing system_stm32f4xx.o(.rev16_text), (4 bytes).
    Removing system_stm32f4xx.o(.revsh_text), (4 bytes).
    Removing system_stm32f4xx.o(.rrx_text), (6 bytes).
    Removing system_stm32f4xx.o(i.SystemCoreClockUpdate), (120 bytes).
    Removing system_stm32f4xx.o(.constdata), (8 bytes).
    Removing arm_abs_f32.o(.rev16_text), (4 bytes).
    Removing arm_abs_f32.o(.revsh_text), (4 bytes).
    Removing arm_abs_f32.o(.rrx_text), (6 bytes).
    Removing arm_abs_f32.o(i.arm_abs_f32), (88 bytes).
    Removing arm_abs_q7.o(.rev16_text), (4 bytes).
    Removing arm_abs_q7.o(.revsh_text), (4 bytes).
    Removing arm_abs_q7.o(.rrx_text), (6 bytes).
    Removing arm_abs_q7.o(i.arm_abs_q7), (116 bytes).
    Removing arm_abs_q15.o(.rev16_text), (4 bytes).
    Removing arm_abs_q15.o(.revsh_text), (4 bytes).
    Removing arm_abs_q15.o(.rrx_text), (6 bytes).
    Removing arm_abs_q15.o(i.arm_abs_q15), (118 bytes).
    Removing arm_abs_q31.o(.rev16_text), (4 bytes).
    Removing arm_abs_q31.o(.revsh_text), (4 bytes).
    Removing arm_abs_q31.o(.rrx_text), (6 bytes).
    Removing arm_abs_q31.o(i.arm_abs_q31), (106 bytes).
    Removing arm_add_f32.o(.rev16_text), (4 bytes).
    Removing arm_add_f32.o(.revsh_text), (4 bytes).
    Removing arm_add_f32.o(.rrx_text), (6 bytes).
    Removing arm_add_f32.o(i.arm_add_f32), (116 bytes).
    Removing arm_add_q7.o(.rev16_text), (4 bytes).
    Removing arm_add_q7.o(.revsh_text), (4 bytes).
    Removing arm_add_q7.o(.rrx_text), (6 bytes).
    Removing arm_add_q7.o(i.arm_add_q7), (62 bytes).
    Removing arm_add_q15.o(.rev16_text), (4 bytes).
    Removing arm_add_q15.o(.revsh_text), (4 bytes).
    Removing arm_add_q15.o(.rrx_text), (6 bytes).
    Removing arm_add_q15.o(i.arm_add_q15), (76 bytes).
    Removing arm_add_q31.o(.rev16_text), (4 bytes).
    Removing arm_add_q31.o(.revsh_text), (4 bytes).
    Removing arm_add_q31.o(.rrx_text), (6 bytes).
    Removing arm_add_q31.o(i.arm_add_q31), (90 bytes).
    Removing arm_dot_prod_f32.o(.rev16_text), (4 bytes).
    Removing arm_dot_prod_f32.o(.revsh_text), (4 bytes).
    Removing arm_dot_prod_f32.o(.rrx_text), (6 bytes).
    Removing arm_dot_prod_f32.o(i.arm_dot_prod_f32), (104 bytes).
    Removing arm_dot_prod_q7.o(.rev16_text), (4 bytes).
    Removing arm_dot_prod_q7.o(.revsh_text), (4 bytes).
    Removing arm_dot_prod_q7.o(.rrx_text), (6 bytes).
    Removing arm_dot_prod_q7.o(i.arm_dot_prod_q7), (74 bytes).
    Removing arm_dot_prod_q15.o(.rev16_text), (4 bytes).
    Removing arm_dot_prod_q15.o(.revsh_text), (4 bytes).
    Removing arm_dot_prod_q15.o(.rrx_text), (6 bytes).
    Removing arm_dot_prod_q15.o(i.arm_dot_prod_q15), (72 bytes).
    Removing arm_dot_prod_q31.o(.rev16_text), (4 bytes).
    Removing arm_dot_prod_q31.o(.revsh_text), (4 bytes).
    Removing arm_dot_prod_q31.o(.rrx_text), (6 bytes).
    Removing arm_dot_prod_q31.o(i.arm_dot_prod_q31), (172 bytes).
    Removing arm_mult_f32.o(.rev16_text), (4 bytes).
    Removing arm_mult_f32.o(.revsh_text), (4 bytes).
    Removing arm_mult_f32.o(.rrx_text), (6 bytes).
    Removing arm_mult_f32.o(i.arm_mult_f32), (116 bytes).
    Removing arm_mult_q7.o(.rev16_text), (4 bytes).
    Removing arm_mult_q7.o(.revsh_text), (4 bytes).
    Removing arm_mult_q7.o(.rrx_text), (6 bytes).
    Removing arm_mult_q7.o(i.arm_mult_q7), (140 bytes).
    Removing arm_mult_q15.o(.rev16_text), (4 bytes).
    Removing arm_mult_q15.o(.revsh_text), (4 bytes).
    Removing arm_mult_q15.o(.rrx_text), (6 bytes).
    Removing arm_mult_q15.o(i.arm_mult_q15), (118 bytes).
    Removing arm_mult_q31.o(.rev16_text), (4 bytes).
    Removing arm_mult_q31.o(.revsh_text), (4 bytes).
    Removing arm_mult_q31.o(.rrx_text), (6 bytes).
    Removing arm_mult_q31.o(i.arm_mult_q31), (118 bytes).
    Removing arm_negate_f32.o(.rev16_text), (4 bytes).
    Removing arm_negate_f32.o(.revsh_text), (4 bytes).
    Removing arm_negate_f32.o(.rrx_text), (6 bytes).
    Removing arm_negate_f32.o(i.arm_negate_f32), (88 bytes).
    Removing arm_negate_q7.o(.rev16_text), (4 bytes).
    Removing arm_negate_q7.o(.revsh_text), (4 bytes).
    Removing arm_negate_q7.o(.rrx_text), (6 bytes).
    Removing arm_negate_q7.o(i.arm_negate_q7), (60 bytes).
    Removing arm_negate_q15.o(.rev16_text), (4 bytes).
    Removing arm_negate_q15.o(.revsh_text), (4 bytes).
    Removing arm_negate_q15.o(.rrx_text), (6 bytes).
    Removing arm_negate_q15.o(i.arm_negate_q15), (80 bytes).
    Removing arm_negate_q31.o(.rev16_text), (4 bytes).
    Removing arm_negate_q31.o(.revsh_text), (4 bytes).
    Removing arm_negate_q31.o(.rrx_text), (6 bytes).
    Removing arm_negate_q31.o(i.arm_negate_q31), (86 bytes).
    Removing arm_offset_f32.o(.rev16_text), (4 bytes).
    Removing arm_offset_f32.o(.revsh_text), (4 bytes).
    Removing arm_offset_f32.o(.rrx_text), (6 bytes).
    Removing arm_offset_f32.o(i.arm_offset_f32), (84 bytes).
    Removing arm_offset_q7.o(.rev16_text), (4 bytes).
    Removing arm_offset_q7.o(.revsh_text), (4 bytes).
    Removing arm_offset_q7.o(.rrx_text), (6 bytes).
    Removing arm_offset_q7.o(i.arm_offset_q7), (74 bytes).
    Removing arm_offset_q15.o(.rev16_text), (4 bytes).
    Removing arm_offset_q15.o(.revsh_text), (4 bytes).
    Removing arm_offset_q15.o(.rrx_text), (6 bytes).
    Removing arm_offset_q15.o(i.arm_offset_q15), (68 bytes).
    Removing arm_offset_q31.o(.rev16_text), (4 bytes).
    Removing arm_offset_q31.o(.revsh_text), (4 bytes).
    Removing arm_offset_q31.o(.rrx_text), (6 bytes).
    Removing arm_offset_q31.o(i.arm_offset_q31), (68 bytes).
    Removing arm_scale_f32.o(.rev16_text), (4 bytes).
    Removing arm_scale_f32.o(.revsh_text), (4 bytes).
    Removing arm_scale_f32.o(.rrx_text), (6 bytes).
    Removing arm_scale_f32.o(i.arm_scale_f32), (80 bytes).
    Removing arm_scale_q7.o(.rev16_text), (4 bytes).
    Removing arm_scale_q7.o(.revsh_text), (4 bytes).
    Removing arm_scale_q7.o(.rrx_text), (6 bytes).
    Removing arm_scale_q7.o(i.arm_scale_q7), (148 bytes).
    Removing arm_scale_q15.o(.rev16_text), (4 bytes).
    Removing arm_scale_q15.o(.revsh_text), (4 bytes).
    Removing arm_scale_q15.o(.rrx_text), (6 bytes).
    Removing arm_scale_q15.o(i.arm_scale_q15), (126 bytes).
    Removing arm_scale_q31.o(.rev16_text), (4 bytes).
    Removing arm_scale_q31.o(.revsh_text), (4 bytes).
    Removing arm_scale_q31.o(.rrx_text), (6 bytes).
    Removing arm_scale_q31.o(i.arm_scale_q31), (266 bytes).
    Removing arm_shift_q7.o(.rev16_text), (4 bytes).
    Removing arm_shift_q7.o(.revsh_text), (4 bytes).
    Removing arm_shift_q7.o(.rrx_text), (6 bytes).
    Removing arm_shift_q7.o(i.arm_shift_q7), (206 bytes).
    Removing arm_shift_q15.o(.rev16_text), (4 bytes).
    Removing arm_shift_q15.o(.revsh_text), (4 bytes).
    Removing arm_shift_q15.o(.rrx_text), (6 bytes).
    Removing arm_shift_q15.o(i.arm_shift_q15), (174 bytes).
    Removing arm_shift_q31.o(.rev16_text), (4 bytes).
    Removing arm_shift_q31.o(.revsh_text), (4 bytes).
    Removing arm_shift_q31.o(.rrx_text), (6 bytes).
    Removing arm_shift_q31.o(i.arm_shift_q31), (222 bytes).
    Removing arm_sub_f32.o(.rev16_text), (4 bytes).
    Removing arm_sub_f32.o(.revsh_text), (4 bytes).
    Removing arm_sub_f32.o(.rrx_text), (6 bytes).
    Removing arm_sub_f32.o(i.arm_sub_f32), (116 bytes).
    Removing arm_sub_q7.o(.rev16_text), (4 bytes).
    Removing arm_sub_q7.o(.revsh_text), (4 bytes).
    Removing arm_sub_q7.o(.rrx_text), (6 bytes).
    Removing arm_sub_q7.o(i.arm_sub_q7), (62 bytes).
    Removing arm_sub_q15.o(.rev16_text), (4 bytes).
    Removing arm_sub_q15.o(.revsh_text), (4 bytes).
    Removing arm_sub_q15.o(.rrx_text), (6 bytes).
    Removing arm_sub_q15.o(i.arm_sub_q15), (76 bytes).
    Removing arm_sub_q31.o(.rev16_text), (4 bytes).
    Removing arm_sub_q31.o(.revsh_text), (4 bytes).
    Removing arm_sub_q31.o(.rrx_text), (6 bytes).
    Removing arm_sub_q31.o(i.arm_sub_q31), (90 bytes).
    Removing arm_copy_f32.o(.rev16_text), (4 bytes).
    Removing arm_copy_f32.o(.revsh_text), (4 bytes).
    Removing arm_copy_f32.o(.rrx_text), (6 bytes).
    Removing arm_copy_f32.o(i.arm_copy_f32), (68 bytes).
    Removing arm_copy_q7.o(.rev16_text), (4 bytes).
    Removing arm_copy_q7.o(.revsh_text), (4 bytes).
    Removing arm_copy_q7.o(.rrx_text), (6 bytes).
    Removing arm_copy_q7.o(i.arm_copy_q7), (44 bytes).
    Removing arm_copy_q15.o(.rev16_text), (4 bytes).
    Removing arm_copy_q15.o(.revsh_text), (4 bytes).
    Removing arm_copy_q15.o(.rrx_text), (6 bytes).
    Removing arm_copy_q15.o(i.arm_copy_q15), (52 bytes).
    Removing arm_copy_q31.o(.rev16_text), (4 bytes).
    Removing arm_copy_q31.o(.revsh_text), (4 bytes).
    Removing arm_copy_q31.o(.rrx_text), (6 bytes).
    Removing arm_copy_q31.o(i.arm_copy_q31), (34 bytes).
    Removing arm_fill_f32.o(.rev16_text), (4 bytes).
    Removing arm_fill_f32.o(.revsh_text), (4 bytes).
    Removing arm_fill_f32.o(.rrx_text), (6 bytes).
    Removing arm_fill_f32.o(i.arm_fill_f32), (52 bytes).
    Removing arm_fill_q7.o(.rev16_text), (4 bytes).
    Removing arm_fill_q7.o(.revsh_text), (4 bytes).
    Removing arm_fill_q7.o(.rrx_text), (6 bytes).
    Removing arm_fill_q7.o(i.arm_fill_q7), (56 bytes).
    Removing arm_fill_q15.o(.rev16_text), (4 bytes).
    Removing arm_fill_q15.o(.revsh_text), (4 bytes).
    Removing arm_fill_q15.o(.rrx_text), (6 bytes).
    Removing arm_fill_q15.o(i.arm_fill_q15), (44 bytes).
    Removing arm_fill_q31.o(.rev16_text), (4 bytes).
    Removing arm_fill_q31.o(.revsh_text), (4 bytes).
    Removing arm_fill_q31.o(.rrx_text), (6 bytes).
    Removing arm_fill_q31.o(i.arm_fill_q31), (40 bytes).
    Removing arm_float_to_q7.o(.rev16_text), (4 bytes).
    Removing arm_float_to_q7.o(.revsh_text), (4 bytes).
    Removing arm_float_to_q7.o(.rrx_text), (6 bytes).
    Removing arm_float_to_q7.o(i.arm_float_to_q7), (160 bytes).
    Removing arm_float_to_q15.o(.rev16_text), (4 bytes).
    Removing arm_float_to_q15.o(.revsh_text), (4 bytes).
    Removing arm_float_to_q15.o(.rrx_text), (6 bytes).
    Removing arm_float_to_q15.o(i.arm_float_to_q15), (160 bytes).
    Removing arm_float_to_q31.o(.rev16_text), (4 bytes).
    Removing arm_float_to_q31.o(.revsh_text), (4 bytes).
    Removing arm_float_to_q31.o(.rrx_text), (6 bytes).
    Removing arm_float_to_q31.o(i.arm_float_to_q31), (208 bytes).
    Removing arm_q7_to_float.o(.rev16_text), (4 bytes).
    Removing arm_q7_to_float.o(.revsh_text), (4 bytes).
    Removing arm_q7_to_float.o(.rrx_text), (6 bytes).
    Removing arm_q7_to_float.o(i.arm_q7_to_float), (140 bytes).
    Removing arm_q7_to_q15.o(.rev16_text), (4 bytes).
    Removing arm_q7_to_q15.o(.revsh_text), (4 bytes).
    Removing arm_q7_to_q15.o(.rrx_text), (6 bytes).
    Removing arm_q7_to_q15.o(i.arm_q7_to_q15), (82 bytes).
    Removing arm_q7_to_q31.o(.rev16_text), (4 bytes).
    Removing arm_q7_to_q31.o(.revsh_text), (4 bytes).
    Removing arm_q7_to_q31.o(.rrx_text), (6 bytes).
    Removing arm_q7_to_q31.o(i.arm_q7_to_q31), (68 bytes).
    Removing arm_q15_to_float.o(.rev16_text), (4 bytes).
    Removing arm_q15_to_float.o(.revsh_text), (4 bytes).
    Removing arm_q15_to_float.o(.rrx_text), (6 bytes).
    Removing arm_q15_to_float.o(i.arm_q15_to_float), (140 bytes).
    Removing arm_q15_to_q7.o(.rev16_text), (4 bytes).
    Removing arm_q15_to_q7.o(.revsh_text), (4 bytes).
    Removing arm_q15_to_q7.o(.rrx_text), (6 bytes).
    Removing arm_q15_to_q7.o(i.arm_q15_to_q7), (74 bytes).
    Removing arm_q15_to_q31.o(.rev16_text), (4 bytes).
    Removing arm_q15_to_q31.o(.revsh_text), (4 bytes).
    Removing arm_q15_to_q31.o(.rrx_text), (6 bytes).
    Removing arm_q15_to_q31.o(i.arm_q15_to_q31), (64 bytes).
    Removing arm_q31_to_float.o(.rev16_text), (4 bytes).
    Removing arm_q31_to_float.o(.revsh_text), (4 bytes).
    Removing arm_q31_to_float.o(.rrx_text), (6 bytes).
    Removing arm_q31_to_float.o(i.arm_q31_to_float), (116 bytes).
    Removing arm_q31_to_q7.o(.rev16_text), (4 bytes).
    Removing arm_q31_to_q7.o(.revsh_text), (4 bytes).
    Removing arm_q31_to_q7.o(.rrx_text), (6 bytes).
    Removing arm_q31_to_q7.o(i.arm_q31_to_q7), (66 bytes).
    Removing arm_q31_to_q15.o(.rev16_text), (4 bytes).
    Removing arm_q31_to_q15.o(.revsh_text), (4 bytes).
    Removing arm_q31_to_q15.o(.rrx_text), (6 bytes).
    Removing arm_q31_to_q15.o(i.arm_q31_to_q15), (56 bytes).
    Removing arm_conv_f32.o(.rev16_text), (4 bytes).
    Removing arm_conv_f32.o(.revsh_text), (4 bytes).
    Removing arm_conv_f32.o(.rrx_text), (6 bytes).
    Removing arm_conv_f32.o(i.arm_conv_f32), (768 bytes).
    Removing arm_fir_f32.o(.rev16_text), (4 bytes).
    Removing arm_fir_f32.o(.revsh_text), (4 bytes).
    Removing arm_fir_f32.o(.rrx_text), (6 bytes).
    Removing arm_fir_f32.o(i.arm_fir_f32), (1086 bytes).
    Removing arm_fir_init_f32.o(.rev16_text), (4 bytes).
    Removing arm_fir_init_f32.o(.revsh_text), (4 bytes).
    Removing arm_fir_init_f32.o(.rrx_text), (6 bytes).
    Removing arm_fir_init_f32.o(i.arm_fir_init_f32), (28 bytes).
    Removing arm_fir_init_q7.o(.rev16_text), (4 bytes).
    Removing arm_fir_init_q7.o(.revsh_text), (4 bytes).
    Removing arm_fir_init_q7.o(.rrx_text), (6 bytes).
    Removing arm_fir_init_q7.o(i.arm_fir_init_q7), (26 bytes).
    Removing arm_fir_init_q15.o(.rev16_text), (4 bytes).
    Removing arm_fir_init_q15.o(.revsh_text), (4 bytes).
    Removing arm_fir_init_q15.o(.rrx_text), (6 bytes).
    Removing arm_fir_init_q15.o(i.arm_fir_init_q15), (38 bytes).
    Removing arm_fir_init_q31.o(.rev16_text), (4 bytes).
    Removing arm_fir_init_q31.o(.revsh_text), (4 bytes).
    Removing arm_fir_init_q31.o(.rrx_text), (6 bytes).
    Removing arm_fir_init_q31.o(i.arm_fir_init_q31), (28 bytes).
    Removing arm_fir_q7.o(.rev16_text), (4 bytes).
    Removing arm_fir_q7.o(.revsh_text), (4 bytes).
    Removing arm_fir_q7.o(.rrx_text), (6 bytes).
    Removing arm_fir_q7.o(i.arm_fir_q7), (520 bytes).
    Removing arm_fir_q15.o(.rev16_text), (4 bytes).
    Removing arm_fir_q15.o(.revsh_text), (4 bytes).
    Removing arm_fir_q15.o(.rrx_text), (6 bytes).
    Removing arm_fir_q15.o(i.arm_fir_q15), (560 bytes).
    Removing arm_fir_q31.o(.rev16_text), (4 bytes).
    Removing arm_fir_q31.o(.revsh_text), (4 bytes).
    Removing arm_fir_q31.o(.rrx_text), (6 bytes).
    Removing arm_fir_q31.o(i.arm_fir_q31), (492 bytes).
    Removing ffixl.o(.text), (66 bytes).

639 unused section(s) (total 34388 bytes) removed from the image.

==============================================================================

Image Symbol Table

    Local Symbols

    Symbol Name                              Value     Ov Type        Size  Object(Section)

    ../Core/Src/adc.c                        0x00000000   Number         0  adc.o ABSOLUTE
    ../Core/Src/dma.c                        0x00000000   Number         0  dma.o ABSOLUTE
    ../Core/Src/gpio.c                       0x00000000   Number         0  gpio.o ABSOLUTE
    ../Core/Src/main.c                       0x00000000   Number         0  main.o ABSOLUTE
    ../Core/Src/stm32f4xx_hal_msp.c          0x00000000   Number         0  stm32f4xx_hal_msp.o ABSOLUTE
    ../Core/Src/stm32f4xx_it.c               0x00000000   Number         0  stm32f4xx_it.o ABSOLUTE
    ../Core/Src/system_stm32f4xx.c           0x00000000   Number         0  system_stm32f4xx.o ABSOLUTE
    ../Core/Src/tim.c                        0x00000000   Number         0  tim.o ABSOLUTE
    ../Drivers/STM32F4xx_HAL_Driver/Src/stm32f4xx_hal.c 0x00000000   Number         0  stm32f4xx_hal.o ABSOLUTE
    ../Drivers/STM32F4xx_HAL_Driver/Src/stm32f4xx_hal_adc.c 0x00000000   Number         0  stm32f4xx_hal_adc.o ABSOLUTE
    ../Drivers/STM32F4xx_HAL_Driver/Src/stm32f4xx_hal_adc_ex.c 0x00000000   Number         0  stm32f4xx_hal_adc_ex.o ABSOLUTE
    ../Drivers/STM32F4xx_HAL_Driver/Src/stm32f4xx_hal_cortex.c 0x00000000   Number         0  stm32f4xx_hal_cortex.o ABSOLUTE
    ../Drivers/STM32F4xx_HAL_Driver/Src/stm32f4xx_hal_dma.c 0x00000000   Number         0  stm32f4xx_hal_dma.o ABSOLUTE
    ../Drivers/STM32F4xx_HAL_Driver/Src/stm32f4xx_hal_dma_ex.c 0x00000000   Number         0  stm32f4xx_hal_dma_ex.o ABSOLUTE
    ../Drivers/STM32F4xx_HAL_Driver/Src/stm32f4xx_hal_exti.c 0x00000000   Number         0  stm32f4xx_hal_exti.o ABSOLUTE
    ../Drivers/STM32F4xx_HAL_Driver/Src/stm32f4xx_hal_flash.c 0x00000000   Number         0  stm32f4xx_hal_flash.o ABSOLUTE
    ../Drivers/STM32F4xx_HAL_Driver/Src/stm32f4xx_hal_flash_ex.c 0x00000000   Number         0  stm32f4xx_hal_flash_ex.o ABSOLUTE
    ../Drivers/STM32F4xx_HAL_Driver/Src/stm32f4xx_hal_flash_ramfunc.c 0x00000000   Number         0  stm32f4xx_hal_flash_ramfunc.o ABSOLUTE
    ../Drivers/STM32F4xx_HAL_Driver/Src/stm32f4xx_hal_gpio.c 0x00000000   Number         0  stm32f4xx_hal_gpio.o ABSOLUTE
    ../Drivers/STM32F4xx_HAL_Driver/Src/stm32f4xx_hal_pwr.c 0x00000000   Number         0  stm32f4xx_hal_pwr.o ABSOLUTE
    ../Drivers/STM32F4xx_HAL_Driver/Src/stm32f4xx_hal_pwr_ex.c 0x00000000   Number         0  stm32f4xx_hal_pwr_ex.o ABSOLUTE
    ../Drivers/STM32F4xx_HAL_Driver/Src/stm32f4xx_hal_rcc.c 0x00000000   Number         0  stm32f4xx_hal_rcc.o ABSOLUTE
    ../Drivers/STM32F4xx_HAL_Driver/Src/stm32f4xx_hal_rcc_ex.c 0x00000000   Number         0  stm32f4xx_hal_rcc_ex.o ABSOLUTE
    ../Drivers/STM32F4xx_HAL_Driver/Src/stm32f4xx_hal_tim.c 0x00000000   Number         0  stm32f4xx_hal_tim.o ABSOLUTE
    ../Drivers/STM32F4xx_HAL_Driver/Src/stm32f4xx_hal_tim_ex.c 0x00000000   Number         0  stm32f4xx_hal_tim_ex.o ABSOLUTE
    ../clib/microlib/division.c              0x00000000   Number         0  uldiv.o ABSOLUTE
    ../clib/microlib/init/entry.s            0x00000000   Number         0  entry.o ABSOLUTE
    ../clib/microlib/init/entry.s            0x00000000   Number         0  entry11b.o ABSOLUTE
    ../clib/microlib/init/entry.s            0x00000000   Number         0  entry11a.o ABSOLUTE
    ../clib/microlib/init/entry.s            0x00000000   Number         0  entry10b.o ABSOLUTE
    ../clib/microlib/init/entry.s            0x00000000   Number         0  entry10a.o ABSOLUTE
    ../clib/microlib/init/entry.s            0x00000000   Number         0  entry9b.o ABSOLUTE
    ../clib/microlib/init/entry.s            0x00000000   Number         0  entry9a.o ABSOLUTE
    ../clib/microlib/init/entry.s            0x00000000   Number         0  entry8a.o ABSOLUTE
    ../clib/microlib/init/entry.s            0x00000000   Number         0  entry7b.o ABSOLUTE
    ../clib/microlib/init/entry.s            0x00000000   Number         0  entry7a.o ABSOLUTE
    ../clib/microlib/init/entry.s            0x00000000   Number         0  entry5.o ABSOLUTE
    ../clib/microlib/init/entry.s            0x00000000   Number         0  entry2.o ABSOLUTE
    ../clib/microlib/init/entry.s            0x00000000   Number         0  entry8b.o ABSOLUTE
    ../clib/microlib/longlong.c              0x00000000   Number         0  llshl.o ABSOLUTE
    ../clib/microlib/longlong.c              0x00000000   Number         0  llushr.o ABSOLUTE
    ../clib/microlib/string/memset.c         0x00000000   Number         0  memseta.o ABSOLUTE
    ../clib/microlib/stubs.s                 0x00000000   Number         0  iusefp.o ABSOLUTE
    ../fplib/microlib/fpfix.c                0x00000000   Number         0  ffixl.o ABSOLUTE
    ..\Core\Src\adc.c                        0x00000000   Number         0  adc.o ABSOLUTE
    ..\Core\Src\dma.c                        0x00000000   Number         0  dma.o ABSOLUTE
    ..\Core\Src\gpio.c                       0x00000000   Number         0  gpio.o ABSOLUTE
    ..\Core\Src\main.c                       0x00000000   Number         0  main.o ABSOLUTE
    ..\Core\Src\stm32f4xx_hal_msp.c          0x00000000   Number         0  stm32f4xx_hal_msp.o ABSOLUTE
    ..\Core\Src\stm32f4xx_it.c               0x00000000   Number         0  stm32f4xx_it.o ABSOLUTE
    ..\Core\Src\system_stm32f4xx.c           0x00000000   Number         0  system_stm32f4xx.o ABSOLUTE
    ..\Core\Src\tim.c                        0x00000000   Number         0  tim.o ABSOLUTE
    ..\Drivers\STM32F4xx_HAL_Driver\Src\stm32f4xx_hal.c 0x00000000   Number         0  stm32f4xx_hal.o ABSOLUTE
    ..\Drivers\STM32F4xx_HAL_Driver\Src\stm32f4xx_hal_adc.c 0x00000000   Number         0  stm32f4xx_hal_adc.o ABSOLUTE
    ..\Drivers\STM32F4xx_HAL_Driver\Src\stm32f4xx_hal_adc_ex.c 0x00000000   Number         0  stm32f4xx_hal_adc_ex.o ABSOLUTE
    ..\Drivers\STM32F4xx_HAL_Driver\Src\stm32f4xx_hal_cortex.c 0x00000000   Number         0  stm32f4xx_hal_cortex.o ABSOLUTE
    ..\Drivers\STM32F4xx_HAL_Driver\Src\stm32f4xx_hal_dma.c 0x00000000   Number         0  stm32f4xx_hal_dma.o ABSOLUTE
    ..\Drivers\STM32F4xx_HAL_Driver\Src\stm32f4xx_hal_dma_ex.c 0x00000000   Number         0  stm32f4xx_hal_dma_ex.o ABSOLUTE
    ..\Drivers\STM32F4xx_HAL_Driver\Src\stm32f4xx_hal_exti.c 0x00000000   Number         0  stm32f4xx_hal_exti.o ABSOLUTE
    ..\Drivers\STM32F4xx_HAL_Driver\Src\stm32f4xx_hal_flash.c 0x00000000   Number         0  stm32f4xx_hal_flash.o ABSOLUTE
    ..\Drivers\STM32F4xx_HAL_Driver\Src\stm32f4xx_hal_flash_ex.c 0x00000000   Number         0  stm32f4xx_hal_flash_ex.o ABSOLUTE
    ..\Drivers\STM32F4xx_HAL_Driver\Src\stm32f4xx_hal_flash_ramfunc.c 0x00000000   Number         0  stm32f4xx_hal_flash_ramfunc.o ABSOLUTE
    ..\Drivers\STM32F4xx_HAL_Driver\Src\stm32f4xx_hal_gpio.c 0x00000000   Number         0  stm32f4xx_hal_gpio.o ABSOLUTE
    ..\Drivers\STM32F4xx_HAL_Driver\Src\stm32f4xx_hal_pwr.c 0x00000000   Number         0  stm32f4xx_hal_pwr.o ABSOLUTE
    ..\Drivers\STM32F4xx_HAL_Driver\Src\stm32f4xx_hal_pwr_ex.c 0x00000000   Number         0  stm32f4xx_hal_pwr_ex.o ABSOLUTE
    ..\Drivers\STM32F4xx_HAL_Driver\Src\stm32f4xx_hal_rcc.c 0x00000000   Number         0  stm32f4xx_hal_rcc.o ABSOLUTE
    ..\Drivers\STM32F4xx_HAL_Driver\Src\stm32f4xx_hal_rcc_ex.c 0x00000000   Number         0  stm32f4xx_hal_rcc_ex.o ABSOLUTE
    ..\Drivers\STM32F4xx_HAL_Driver\Src\stm32f4xx_hal_tim.c 0x00000000   Number         0  stm32f4xx_hal_tim.o ABSOLUTE
    ..\Drivers\STM32F4xx_HAL_Driver\Src\stm32f4xx_hal_tim_ex.c 0x00000000   Number         0  stm32f4xx_hal_tim_ex.o ABSOLUTE
    C:\Users\Lenovo\STM32Cube\Repository\STM32Cube_FW_F4_V1.25.2\Drivers\CMSIS\DSP\Source\BasicMathFunctions\arm_abs_f32.c 0x00000000   Number         0  arm_abs_f32.o ABSOLUTE
    C:\Users\Lenovo\STM32Cube\Repository\STM32Cube_FW_F4_V1.25.2\Drivers\CMSIS\DSP\Source\BasicMathFunctions\arm_abs_q15.c 0x00000000   Number         0  arm_abs_q15.o ABSOLUTE
    C:\Users\Lenovo\STM32Cube\Repository\STM32Cube_FW_F4_V1.25.2\Drivers\CMSIS\DSP\Source\BasicMathFunctions\arm_abs_q31.c 0x00000000   Number         0  arm_abs_q31.o ABSOLUTE
    C:\Users\Lenovo\STM32Cube\Repository\STM32Cube_FW_F4_V1.25.2\Drivers\CMSIS\DSP\Source\BasicMathFunctions\arm_abs_q7.c 0x00000000   Number         0  arm_abs_q7.o ABSOLUTE
    C:\Users\Lenovo\STM32Cube\Repository\STM32Cube_FW_F4_V1.25.2\Drivers\CMSIS\DSP\Source\BasicMathFunctions\arm_add_f32.c 0x00000000   Number         0  arm_add_f32.o ABSOLUTE
    C:\Users\Lenovo\STM32Cube\Repository\STM32Cube_FW_F4_V1.25.2\Drivers\CMSIS\DSP\Source\BasicMathFunctions\arm_add_q15.c 0x00000000   Number         0  arm_add_q15.o ABSOLUTE
    C:\Users\Lenovo\STM32Cube\Repository\STM32Cube_FW_F4_V1.25.2\Drivers\CMSIS\DSP\Source\BasicMathFunctions\arm_add_q31.c 0x00000000   Number         0  arm_add_q31.o ABSOLUTE
    C:\Users\Lenovo\STM32Cube\Repository\STM32Cube_FW_F4_V1.25.2\Drivers\CMSIS\DSP\Source\BasicMathFunctions\arm_add_q7.c 0x00000000   Number         0  arm_add_q7.o ABSOLUTE
    C:\Users\Lenovo\STM32Cube\Repository\STM32Cube_FW_F4_V1.25.2\Drivers\CMSIS\DSP\Source\BasicMathFunctions\arm_dot_prod_f32.c 0x00000000   Number         0  arm_dot_prod_f32.o ABSOLUTE
    C:\Users\Lenovo\STM32Cube\Repository\STM32Cube_FW_F4_V1.25.2\Drivers\CMSIS\DSP\Source\BasicMathFunctions\arm_dot_prod_q15.c 0x00000000   Number         0  arm_dot_prod_q15.o ABSOLUTE
    C:\Users\Lenovo\STM32Cube\Repository\STM32Cube_FW_F4_V1.25.2\Drivers\CMSIS\DSP\Source\BasicMathFunctions\arm_dot_prod_q31.c 0x00000000   Number         0  arm_dot_prod_q31.o ABSOLUTE
    C:\Users\Lenovo\STM32Cube\Repository\STM32Cube_FW_F4_V1.25.2\Drivers\CMSIS\DSP\Source\BasicMathFunctions\arm_dot_prod_q7.c 0x00000000   Number         0  arm_dot_prod_q7.o ABSOLUTE
    C:\Users\Lenovo\STM32Cube\Repository\STM32Cube_FW_F4_V1.25.2\Drivers\CMSIS\DSP\Source\BasicMathFunctions\arm_mult_f32.c 0x00000000   Number         0  arm_mult_f32.o ABSOLUTE
    C:\Users\Lenovo\STM32Cube\Repository\STM32Cube_FW_F4_V1.25.2\Drivers\CMSIS\DSP\Source\BasicMathFunctions\arm_mult_q15.c 0x00000000   Number         0  arm_mult_q15.o ABSOLUTE
    C:\Users\Lenovo\STM32Cube\Repository\STM32Cube_FW_F4_V1.25.2\Drivers\CMSIS\DSP\Source\BasicMathFunctions\arm_mult_q31.c 0x00000000   Number         0  arm_mult_q31.o ABSOLUTE
    C:\Users\Lenovo\STM32Cube\Repository\STM32Cube_FW_F4_V1.25.2\Drivers\CMSIS\DSP\Source\BasicMathFunctions\arm_mult_q7.c 0x00000000   Number         0  arm_mult_q7.o ABSOLUTE
    C:\Users\Lenovo\STM32Cube\Repository\STM32Cube_FW_F4_V1.25.2\Drivers\CMSIS\DSP\Source\BasicMathFunctions\arm_negate_f32.c 0x00000000   Number         0  arm_negate_f32.o ABSOLUTE
    C:\Users\Lenovo\STM32Cube\Repository\STM32Cube_FW_F4_V1.25.2\Drivers\CMSIS\DSP\Source\BasicMathFunctions\arm_negate_q15.c 0x00000000   Number         0  arm_negate_q15.o ABSOLUTE
    C:\Users\Lenovo\STM32Cube\Repository\STM32Cube_FW_F4_V1.25.2\Drivers\CMSIS\DSP\Source\BasicMathFunctions\arm_negate_q31.c 0x00000000   Number         0  arm_negate_q31.o ABSOLUTE
    C:\Users\Lenovo\STM32Cube\Repository\STM32Cube_FW_F4_V1.25.2\Drivers\CMSIS\DSP\Source\BasicMathFunctions\arm_negate_q7.c 0x00000000   Number         0  arm_negate_q7.o ABSOLUTE
    C:\Users\Lenovo\STM32Cube\Repository\STM32Cube_FW_F4_V1.25.2\Drivers\CMSIS\DSP\Source\BasicMathFunctions\arm_offset_f32.c 0x00000000   Number         0  arm_offset_f32.o ABSOLUTE
    C:\Users\Lenovo\STM32Cube\Repository\STM32Cube_FW_F4_V1.25.2\Drivers\CMSIS\DSP\Source\BasicMathFunctions\arm_offset_q15.c 0x00000000   Number         0  arm_offset_q15.o ABSOLUTE
    C:\Users\Lenovo\STM32Cube\Repository\STM32Cube_FW_F4_V1.25.2\Drivers\CMSIS\DSP\Source\BasicMathFunctions\arm_offset_q31.c 0x00000000   Number         0  arm_offset_q31.o ABSOLUTE
    C:\Users\Lenovo\STM32Cube\Repository\STM32Cube_FW_F4_V1.25.2\Drivers\CMSIS\DSP\Source\BasicMathFunctions\arm_offset_q7.c 0x00000000   Number         0  arm_offset_q7.o ABSOLUTE
    C:\Users\Lenovo\STM32Cube\Repository\STM32Cube_FW_F4_V1.25.2\Drivers\CMSIS\DSP\Source\BasicMathFunctions\arm_scale_f32.c 0x00000000   Number         0  arm_scale_f32.o ABSOLUTE
    C:\Users\Lenovo\STM32Cube\Repository\STM32Cube_FW_F4_V1.25.2\Drivers\CMSIS\DSP\Source\BasicMathFunctions\arm_scale_q15.c 0x00000000   Number         0  arm_scale_q15.o ABSOLUTE
    C:\Users\Lenovo\STM32Cube\Repository\STM32Cube_FW_F4_V1.25.2\Drivers\CMSIS\DSP\Source\BasicMathFunctions\arm_scale_q31.c 0x00000000   Number         0  arm_scale_q31.o ABSOLUTE
    C:\Users\Lenovo\STM32Cube\Repository\STM32Cube_FW_F4_V1.25.2\Drivers\CMSIS\DSP\Source\BasicMathFunctions\arm_scale_q7.c 0x00000000   Number         0  arm_scale_q7.o ABSOLUTE
    C:\Users\Lenovo\STM32Cube\Repository\STM32Cube_FW_F4_V1.25.2\Drivers\CMSIS\DSP\Source\BasicMathFunctions\arm_shift_q15.c 0x00000000   Number         0  arm_shift_q15.o ABSOLUTE
    C:\Users\Lenovo\STM32Cube\Repository\STM32Cube_FW_F4_V1.25.2\Drivers\CMSIS\DSP\Source\BasicMathFunctions\arm_shift_q31.c 0x00000000   Number         0  arm_shift_q31.o ABSOLUTE
    C:\Users\Lenovo\STM32Cube\Repository\STM32Cube_FW_F4_V1.25.2\Drivers\CMSIS\DSP\Source\BasicMathFunctions\arm_shift_q7.c 0x00000000   Number         0  arm_shift_q7.o ABSOLUTE
    C:\Users\Lenovo\STM32Cube\Repository\STM32Cube_FW_F4_V1.25.2\Drivers\CMSIS\DSP\Source\BasicMathFunctions\arm_sub_f32.c 0x00000000   Number         0  arm_sub_f32.o ABSOLUTE
    C:\Users\Lenovo\STM32Cube\Repository\STM32Cube_FW_F4_V1.25.2\Drivers\CMSIS\DSP\Source\BasicMathFunctions\arm_sub_q15.c 0x00000000   Number         0  arm_sub_q15.o ABSOLUTE
    C:\Users\Lenovo\STM32Cube\Repository\STM32Cube_FW_F4_V1.25.2\Drivers\CMSIS\DSP\Source\BasicMathFunctions\arm_sub_q31.c 0x00000000   Number         0  arm_sub_q31.o ABSOLUTE
    C:\Users\Lenovo\STM32Cube\Repository\STM32Cube_FW_F4_V1.25.2\Drivers\CMSIS\DSP\Source\BasicMathFunctions\arm_sub_q7.c 0x00000000   Number         0  arm_sub_q7.o ABSOLUTE
    C:\Users\Lenovo\STM32Cube\Repository\STM32Cube_FW_F4_V1.25.2\Drivers\CMSIS\DSP\Source\FilteringFunctions\arm_conv_f32.c 0x00000000   Number         0  arm_conv_f32.o ABSOLUTE
    C:\Users\Lenovo\STM32Cube\Repository\STM32Cube_FW_F4_V1.25.2\Drivers\CMSIS\DSP\Source\FilteringFunctions\arm_fir_f32.c 0x00000000   Number         0  arm_fir_f32.o ABSOLUTE
    C:\Users\Lenovo\STM32Cube\Repository\STM32Cube_FW_F4_V1.25.2\Drivers\CMSIS\DSP\Source\FilteringFunctions\arm_fir_init_f32.c 0x00000000   Number         0  arm_fir_init_f32.o ABSOLUTE
    C:\Users\Lenovo\STM32Cube\Repository\STM32Cube_FW_F4_V1.25.2\Drivers\CMSIS\DSP\Source\FilteringFunctions\arm_fir_init_q15.c 0x00000000   Number         0  arm_fir_init_q15.o ABSOLUTE
    C:\Users\Lenovo\STM32Cube\Repository\STM32Cube_FW_F4_V1.25.2\Drivers\CMSIS\DSP\Source\FilteringFunctions\arm_fir_init_q31.c 0x00000000   Number         0  arm_fir_init_q31.o ABSOLUTE
    C:\Users\Lenovo\STM32Cube\Repository\STM32Cube_FW_F4_V1.25.2\Drivers\CMSIS\DSP\Source\FilteringFunctions\arm_fir_init_q7.c 0x00000000   Number         0  arm_fir_init_q7.o ABSOLUTE
    C:\Users\Lenovo\STM32Cube\Repository\STM32Cube_FW_F4_V1.25.2\Drivers\CMSIS\DSP\Source\FilteringFunctions\arm_fir_q15.c 0x00000000   Number         0  arm_fir_q15.o ABSOLUTE
    C:\Users\Lenovo\STM32Cube\Repository\STM32Cube_FW_F4_V1.25.2\Drivers\CMSIS\DSP\Source\FilteringFunctions\arm_fir_q31.c 0x00000000   Number         0  arm_fir_q31.o ABSOLUTE
    C:\Users\Lenovo\STM32Cube\Repository\STM32Cube_FW_F4_V1.25.2\Drivers\CMSIS\DSP\Source\FilteringFunctions\arm_fir_q7.c 0x00000000   Number         0  arm_fir_q7.o ABSOLUTE
    C:\Users\Lenovo\STM32Cube\Repository\STM32Cube_FW_F4_V1.25.2\Drivers\CMSIS\DSP\Source\SupportFunctions\arm_copy_f32.c 0x00000000   Number         0  arm_copy_f32.o ABSOLUTE
    C:\Users\Lenovo\STM32Cube\Repository\STM32Cube_FW_F4_V1.25.2\Drivers\CMSIS\DSP\Source\SupportFunctions\arm_copy_q15.c 0x00000000   Number         0  arm_copy_q15.o ABSOLUTE
    C:\Users\Lenovo\STM32Cube\Repository\STM32Cube_FW_F4_V1.25.2\Drivers\CMSIS\DSP\Source\SupportFunctions\arm_copy_q31.c 0x00000000   Number         0  arm_copy_q31.o ABSOLUTE
    C:\Users\Lenovo\STM32Cube\Repository\STM32Cube_FW_F4_V1.25.2\Drivers\CMSIS\DSP\Source\SupportFunctions\arm_copy_q7.c 0x00000000   Number         0  arm_copy_q7.o ABSOLUTE
    C:\Users\Lenovo\STM32Cube\Repository\STM32Cube_FW_F4_V1.25.2\Drivers\CMSIS\DSP\Source\SupportFunctions\arm_fill_f32.c 0x00000000   Number         0  arm_fill_f32.o ABSOLUTE
    C:\Users\Lenovo\STM32Cube\Repository\STM32Cube_FW_F4_V1.25.2\Drivers\CMSIS\DSP\Source\SupportFunctions\arm_fill_q15.c 0x00000000   Number         0  arm_fill_q15.o ABSOLUTE
    C:\Users\Lenovo\STM32Cube\Repository\STM32Cube_FW_F4_V1.25.2\Drivers\CMSIS\DSP\Source\SupportFunctions\arm_fill_q31.c 0x00000000   Number         0  arm_fill_q31.o ABSOLUTE
    C:\Users\Lenovo\STM32Cube\Repository\STM32Cube_FW_F4_V1.25.2\Drivers\CMSIS\DSP\Source\SupportFunctions\arm_fill_q7.c 0x00000000   Number         0  arm_fill_q7.o ABSOLUTE
    C:\Users\Lenovo\STM32Cube\Repository\STM32Cube_FW_F4_V1.25.2\Drivers\CMSIS\DSP\Source\SupportFunctions\arm_float_to_q15.c 0x00000000   Number         0  arm_float_to_q15.o ABSOLUTE
    C:\Users\Lenovo\STM32Cube\Repository\STM32Cube_FW_F4_V1.25.2\Drivers\CMSIS\DSP\Source\SupportFunctions\arm_float_to_q31.c 0x00000000   Number         0  arm_float_to_q31.o ABSOLUTE
    C:\Users\Lenovo\STM32Cube\Repository\STM32Cube_FW_F4_V1.25.2\Drivers\CMSIS\DSP\Source\SupportFunctions\arm_float_to_q7.c 0x00000000   Number         0  arm_float_to_q7.o ABSOLUTE
    C:\Users\Lenovo\STM32Cube\Repository\STM32Cube_FW_F4_V1.25.2\Drivers\CMSIS\DSP\Source\SupportFunctions\arm_q15_to_float.c 0x00000000   Number         0  arm_q15_to_float.o ABSOLUTE
    C:\Users\Lenovo\STM32Cube\Repository\STM32Cube_FW_F4_V1.25.2\Drivers\CMSIS\DSP\Source\SupportFunctions\arm_q15_to_q31.c 0x00000000   Number         0  arm_q15_to_q31.o ABSOLUTE
    C:\Users\Lenovo\STM32Cube\Repository\STM32Cube_FW_F4_V1.25.2\Drivers\CMSIS\DSP\Source\SupportFunctions\arm_q15_to_q7.c 0x00000000   Number         0  arm_q15_to_q7.o ABSOLUTE
    C:\Users\Lenovo\STM32Cube\Repository\STM32Cube_FW_F4_V1.25.2\Drivers\CMSIS\DSP\Source\SupportFunctions\arm_q31_to_float.c 0x00000000   Number         0  arm_q31_to_float.o ABSOLUTE
    C:\Users\Lenovo\STM32Cube\Repository\STM32Cube_FW_F4_V1.25.2\Drivers\CMSIS\DSP\Source\SupportFunctions\arm_q31_to_q15.c 0x00000000   Number         0  arm_q31_to_q15.o ABSOLUTE
    C:\Users\Lenovo\STM32Cube\Repository\STM32Cube_FW_F4_V1.25.2\Drivers\CMSIS\DSP\Source\SupportFunctions\arm_q31_to_q7.c 0x00000000   Number         0  arm_q31_to_q7.o ABSOLUTE
    C:\Users\Lenovo\STM32Cube\Repository\STM32Cube_FW_F4_V1.25.2\Drivers\CMSIS\DSP\Source\SupportFunctions\arm_q7_to_float.c 0x00000000   Number         0  arm_q7_to_float.o ABSOLUTE
    C:\Users\Lenovo\STM32Cube\Repository\STM32Cube_FW_F4_V1.25.2\Drivers\CMSIS\DSP\Source\SupportFunctions\arm_q7_to_q15.c 0x00000000   Number         0  arm_q7_to_q15.o ABSOLUTE
    C:\Users\Lenovo\STM32Cube\Repository\STM32Cube_FW_F4_V1.25.2\Drivers\CMSIS\DSP\Source\SupportFunctions\arm_q7_to_q31.c 0x00000000   Number         0  arm_q7_to_q31.o ABSOLUTE
    C:\\Users\\Lenovo\\STM32Cube\\Repository\\STM32Cube_FW_F4_V1.25.2\\Drivers\\CMSIS\\DSP\\Source\\BasicMathFunctions\\arm_abs_f32.c 0x00000000   Number         0  arm_abs_f32.o ABSOLUTE
    C:\\Users\\Lenovo\\STM32Cube\\Repository\\STM32Cube_FW_F4_V1.25.2\\Drivers\\CMSIS\\DSP\\Source\\BasicMathFunctions\\arm_abs_q15.c 0x00000000   Number         0  arm_abs_q15.o ABSOLUTE
    C:\\Users\\Lenovo\\STM32Cube\\Repository\\STM32Cube_FW_F4_V1.25.2\\Drivers\\CMSIS\\DSP\\Source\\BasicMathFunctions\\arm_abs_q31.c 0x00000000   Number         0  arm_abs_q31.o ABSOLUTE
    C:\\Users\\Lenovo\\STM32Cube\\Repository\\STM32Cube_FW_F4_V1.25.2\\Drivers\\CMSIS\\DSP\\Source\\BasicMathFunctions\\arm_abs_q7.c 0x00000000   Number         0  arm_abs_q7.o ABSOLUTE
    C:\\Users\\Lenovo\\STM32Cube\\Repository\\STM32Cube_FW_F4_V1.25.2\\Drivers\\CMSIS\\DSP\\Source\\BasicMathFunctions\\arm_add_f32.c 0x00000000   Number         0  arm_add_f32.o ABSOLUTE
    C:\\Users\\Lenovo\\STM32Cube\\Repository\\STM32Cube_FW_F4_V1.25.2\\Drivers\\CMSIS\\DSP\\Source\\BasicMathFunctions\\arm_add_q15.c 0x00000000   Number         0  arm_add_q15.o ABSOLUTE
    C:\\Users\\Lenovo\\STM32Cube\\Repository\\STM32Cube_FW_F4_V1.25.2\\Drivers\\CMSIS\\DSP\\Source\\BasicMathFunctions\\arm_add_q31.c 0x00000000   Number         0  arm_add_q31.o ABSOLUTE
    C:\\Users\\Lenovo\\STM32Cube\\Repository\\STM32Cube_FW_F4_V1.25.2\\Drivers\\CMSIS\\DSP\\Source\\BasicMathFunctions\\arm_add_q7.c 0x00000000   Number         0  arm_add_q7.o ABSOLUTE
    C:\\Users\\Lenovo\\STM32Cube\\Repository\\STM32Cube_FW_F4_V1.25.2\\Drivers\\CMSIS\\DSP\\Source\\BasicMathFunctions\\arm_dot_prod_f32.c 0x00000000   Number         0  arm_dot_prod_f32.o ABSOLUTE
    C:\\Users\\Lenovo\\STM32Cube\\Repository\\STM32Cube_FW_F4_V1.25.2\\Drivers\\CMSIS\\DSP\\Source\\BasicMathFunctions\\arm_dot_prod_q15.c 0x00000000   Number         0  arm_dot_prod_q15.o ABSOLUTE
    C:\\Users\\Lenovo\\STM32Cube\\Repository\\STM32Cube_FW_F4_V1.25.2\\Drivers\\CMSIS\\DSP\\Source\\BasicMathFunctions\\arm_dot_prod_q31.c 0x00000000   Number         0  arm_dot_prod_q31.o ABSOLUTE
    C:\\Users\\Lenovo\\STM32Cube\\Repository\\STM32Cube_FW_F4_V1.25.2\\Drivers\\CMSIS\\DSP\\Source\\BasicMathFunctions\\arm_dot_prod_q7.c 0x00000000   Number         0  arm_dot_prod_q7.o ABSOLUTE
    C:\\Users\\Lenovo\\STM32Cube\\Repository\\STM32Cube_FW_F4_V1.25.2\\Drivers\\CMSIS\\DSP\\Source\\BasicMathFunctions\\arm_mult_f32.c 0x00000000   Number         0  arm_mult_f32.o ABSOLUTE
    C:\\Users\\Lenovo\\STM32Cube\\Repository\\STM32Cube_FW_F4_V1.25.2\\Drivers\\CMSIS\\DSP\\Source\\BasicMathFunctions\\arm_mult_q15.c 0x00000000   Number         0  arm_mult_q15.o ABSOLUTE
    C:\\Users\\Lenovo\\STM32Cube\\Repository\\STM32Cube_FW_F4_V1.25.2\\Drivers\\CMSIS\\DSP\\Source\\BasicMathFunctions\\arm_mult_q31.c 0x00000000   Number         0  arm_mult_q31.o ABSOLUTE
    C:\\Users\\Lenovo\\STM32Cube\\Repository\\STM32Cube_FW_F4_V1.25.2\\Drivers\\CMSIS\\DSP\\Source\\BasicMathFunctions\\arm_mult_q7.c 0x00000000   Number         0  arm_mult_q7.o ABSOLUTE
    C:\\Users\\Lenovo\\STM32Cube\\Repository\\STM32Cube_FW_F4_V1.25.2\\Drivers\\CMSIS\\DSP\\Source\\BasicMathFunctions\\arm_negate_f32.c 0x00000000   Number         0  arm_negate_f32.o ABSOLUTE
    C:\\Users\\Lenovo\\STM32Cube\\Repository\\STM32Cube_FW_F4_V1.25.2\\Drivers\\CMSIS\\DSP\\Source\\BasicMathFunctions\\arm_negate_q15.c 0x00000000   Number         0  arm_negate_q15.o ABSOLUTE
    C:\\Users\\Lenovo\\STM32Cube\\Repository\\STM32Cube_FW_F4_V1.25.2\\Drivers\\CMSIS\\DSP\\Source\\BasicMathFunctions\\arm_negate_q31.c 0x00000000   Number         0  arm_negate_q31.o ABSOLUTE
    C:\\Users\\Lenovo\\STM32Cube\\Repository\\STM32Cube_FW_F4_V1.25.2\\Drivers\\CMSIS\\DSP\\Source\\BasicMathFunctions\\arm_negate_q7.c 0x00000000   Number         0  arm_negate_q7.o ABSOLUTE
    C:\\Users\\Lenovo\\STM32Cube\\Repository\\STM32Cube_FW_F4_V1.25.2\\Drivers\\CMSIS\\DSP\\Source\\BasicMathFunctions\\arm_offset_f32.c 0x00000000   Number         0  arm_offset_f32.o ABSOLUTE
    C:\\Users\\Lenovo\\STM32Cube\\Repository\\STM32Cube_FW_F4_V1.25.2\\Drivers\\CMSIS\\DSP\\Source\\BasicMathFunctions\\arm_offset_q15.c 0x00000000   Number         0  arm_offset_q15.o ABSOLUTE
    C:\\Users\\Lenovo\\STM32Cube\\Repository\\STM32Cube_FW_F4_V1.25.2\\Drivers\\CMSIS\\DSP\\Source\\BasicMathFunctions\\arm_offset_q31.c 0x00000000   Number         0  arm_offset_q31.o ABSOLUTE
    C:\\Users\\Lenovo\\STM32Cube\\Repository\\STM32Cube_FW_F4_V1.25.2\\Drivers\\CMSIS\\DSP\\Source\\BasicMathFunctions\\arm_offset_q7.c 0x00000000   Number         0  arm_offset_q7.o ABSOLUTE
    C:\\Users\\Lenovo\\STM32Cube\\Repository\\STM32Cube_FW_F4_V1.25.2\\Drivers\\CMSIS\\DSP\\Source\\BasicMathFunctions\\arm_scale_f32.c 0x00000000   Number         0  arm_scale_f32.o ABSOLUTE
    C:\\Users\\Lenovo\\STM32Cube\\Repository\\STM32Cube_FW_F4_V1.25.2\\Drivers\\CMSIS\\DSP\\Source\\BasicMathFunctions\\arm_scale_q15.c 0x00000000   Number         0  arm_scale_q15.o ABSOLUTE
    C:\\Users\\Lenovo\\STM32Cube\\Repository\\STM32Cube_FW_F4_V1.25.2\\Drivers\\CMSIS\\DSP\\Source\\BasicMathFunctions\\arm_scale_q31.c 0x00000000   Number         0  arm_scale_q31.o ABSOLUTE
    C:\\Users\\Lenovo\\STM32Cube\\Repository\\STM32Cube_FW_F4_V1.25.2\\Drivers\\CMSIS\\DSP\\Source\\BasicMathFunctions\\arm_scale_q7.c 0x00000000   Number         0  arm_scale_q7.o ABSOLUTE
    C:\\Users\\Lenovo\\STM32Cube\\Repository\\STM32Cube_FW_F4_V1.25.2\\Drivers\\CMSIS\\DSP\\Source\\BasicMathFunctions\\arm_shift_q15.c 0x00000000   Number         0  arm_shift_q15.o ABSOLUTE
    C:\\Users\\Lenovo\\STM32Cube\\Repository\\STM32Cube_FW_F4_V1.25.2\\Drivers\\CMSIS\\DSP\\Source\\BasicMathFunctions\\arm_shift_q31.c 0x00000000   Number         0  arm_shift_q31.o ABSOLUTE
    C:\\Users\\Lenovo\\STM32Cube\\Repository\\STM32Cube_FW_F4_V1.25.2\\Drivers\\CMSIS\\DSP\\Source\\BasicMathFunctions\\arm_shift_q7.c 0x00000000   Number         0  arm_shift_q7.o ABSOLUTE
    C:\\Users\\Lenovo\\STM32Cube\\Repository\\STM32Cube_FW_F4_V1.25.2\\Drivers\\CMSIS\\DSP\\Source\\BasicMathFunctions\\arm_sub_f32.c 0x00000000   Number         0  arm_sub_f32.o ABSOLUTE
    C:\\Users\\Lenovo\\STM32Cube\\Repository\\STM32Cube_FW_F4_V1.25.2\\Drivers\\CMSIS\\DSP\\Source\\BasicMathFunctions\\arm_sub_q15.c 0x00000000   Number         0  arm_sub_q15.o ABSOLUTE
    C:\\Users\\Lenovo\\STM32Cube\\Repository\\STM32Cube_FW_F4_V1.25.2\\Drivers\\CMSIS\\DSP\\Source\\BasicMathFunctions\\arm_sub_q31.c 0x00000000   Number         0  arm_sub_q31.o ABSOLUTE
    C:\\Users\\Lenovo\\STM32Cube\\Repository\\STM32Cube_FW_F4_V1.25.2\\Drivers\\CMSIS\\DSP\\Source\\BasicMathFunctions\\arm_sub_q7.c 0x00000000   Number         0  arm_sub_q7.o ABSOLUTE
    C:\\Users\\Lenovo\\STM32Cube\\Repository\\STM32Cube_FW_F4_V1.25.2\\Drivers\\CMSIS\\DSP\\Source\\FilteringFunctions\\arm_conv_f32.c 0x00000000   Number         0  arm_conv_f32.o ABSOLUTE
    C:\\Users\\Lenovo\\STM32Cube\\Repository\\STM32Cube_FW_F4_V1.25.2\\Drivers\\CMSIS\\DSP\\Source\\FilteringFunctions\\arm_fir_f32.c 0x00000000   Number         0  arm_fir_f32.o ABSOLUTE
    C:\\Users\\Lenovo\\STM32Cube\\Repository\\STM32Cube_FW_F4_V1.25.2\\Drivers\\CMSIS\\DSP\\Source\\FilteringFunctions\\arm_fir_init_f32.c 0x00000000   Number         0  arm_fir_init_f32.o ABSOLUTE
    C:\\Users\\Lenovo\\STM32Cube\\Repository\\STM32Cube_FW_F4_V1.25.2\\Drivers\\CMSIS\\DSP\\Source\\FilteringFunctions\\arm_fir_init_q15.c 0x00000000   Number         0  arm_fir_init_q15.o ABSOLUTE
    C:\\Users\\Lenovo\\STM32Cube\\Repository\\STM32Cube_FW_F4_V1.25.2\\Drivers\\CMSIS\\DSP\\Source\\FilteringFunctions\\arm_fir_init_q31.c 0x00000000   Number         0  arm_fir_init_q31.o ABSOLUTE
    C:\\Users\\Lenovo\\STM32Cube\\Repository\\STM32Cube_FW_F4_V1.25.2\\Drivers\\CMSIS\\DSP\\Source\\FilteringFunctions\\arm_fir_init_q7.c 0x00000000   Number         0  arm_fir_init_q7.o ABSOLUTE
    C:\\Users\\Lenovo\\STM32Cube\\Repository\\STM32Cube_FW_F4_V1.25.2\\Drivers\\CMSIS\\DSP\\Source\\FilteringFunctions\\arm_fir_q15.c 0x00000000   Number         0  arm_fir_q15.o ABSOLUTE
    C:\\Users\\Lenovo\\STM32Cube\\Repository\\STM32Cube_FW_F4_V1.25.2\\Drivers\\CMSIS\\DSP\\Source\\FilteringFunctions\\arm_fir_q31.c 0x00000000   Number         0  arm_fir_q31.o ABSOLUTE
    C:\\Users\\Lenovo\\STM32Cube\\Repository\\STM32Cube_FW_F4_V1.25.2\\Drivers\\CMSIS\\DSP\\Source\\FilteringFunctions\\arm_fir_q7.c 0x00000000   Number         0  arm_fir_q7.o ABSOLUTE
    C:\\Users\\Lenovo\\STM32Cube\\Repository\\STM32Cube_FW_F4_V1.25.2\\Drivers\\CMSIS\\DSP\\Source\\SupportFunctions\\arm_copy_f32.c 0x00000000   Number         0  arm_copy_f32.o ABSOLUTE
    C:\\Users\\Lenovo\\STM32Cube\\Repository\\STM32Cube_FW_F4_V1.25.2\\Drivers\\CMSIS\\DSP\\Source\\SupportFunctions\\arm_copy_q15.c 0x00000000   Number         0  arm_copy_q15.o ABSOLUTE
    C:\\Users\\Lenovo\\STM32Cube\\Repository\\STM32Cube_FW_F4_V1.25.2\\Drivers\\CMSIS\\DSP\\Source\\SupportFunctions\\arm_copy_q31.c 0x00000000   Number         0  arm_copy_q31.o ABSOLUTE
    C:\\Users\\Lenovo\\STM32Cube\\Repository\\STM32Cube_FW_F4_V1.25.2\\Drivers\\CMSIS\\DSP\\Source\\SupportFunctions\\arm_copy_q7.c 0x00000000   Number         0  arm_copy_q7.o ABSOLUTE
    C:\\Users\\Lenovo\\STM32Cube\\Repository\\STM32Cube_FW_F4_V1.25.2\\Drivers\\CMSIS\\DSP\\Source\\SupportFunctions\\arm_fill_f32.c 0x00000000   Number         0  arm_fill_f32.o ABSOLUTE
    C:\\Users\\Lenovo\\STM32Cube\\Repository\\STM32Cube_FW_F4_V1.25.2\\Drivers\\CMSIS\\DSP\\Source\\SupportFunctions\\arm_fill_q15.c 0x00000000   Number         0  arm_fill_q15.o ABSOLUTE
    C:\\Users\\Lenovo\\STM32Cube\\Repository\\STM32Cube_FW_F4_V1.25.2\\Drivers\\CMSIS\\DSP\\Source\\SupportFunctions\\arm_fill_q31.c 0x00000000   Number         0  arm_fill_q31.o ABSOLUTE
    C:\\Users\\Lenovo\\STM32Cube\\Repository\\STM32Cube_FW_F4_V1.25.2\\Drivers\\CMSIS\\DSP\\Source\\SupportFunctions\\arm_fill_q7.c 0x00000000   Number         0  arm_fill_q7.o ABSOLUTE
    C:\\Users\\Lenovo\\STM32Cube\\Repository\\STM32Cube_FW_F4_V1.25.2\\Drivers\\CMSIS\\DSP\\Source\\SupportFunctions\\arm_float_to_q15.c 0x00000000   Number         0  arm_float_to_q15.o ABSOLUTE
    C:\\Users\\Lenovo\\STM32Cube\\Repository\\STM32Cube_FW_F4_V1.25.2\\Drivers\\CMSIS\\DSP\\Source\\SupportFunctions\\arm_float_to_q31.c 0x00000000   Number         0  arm_float_to_q31.o ABSOLUTE
    C:\\Users\\Lenovo\\STM32Cube\\Repository\\STM32Cube_FW_F4_V1.25.2\\Drivers\\CMSIS\\DSP\\Source\\SupportFunctions\\arm_float_to_q7.c 0x00000000   Number         0  arm_float_to_q7.o ABSOLUTE
    C:\\Users\\Lenovo\\STM32Cube\\Repository\\STM32Cube_FW_F4_V1.25.2\\Drivers\\CMSIS\\DSP\\Source\\SupportFunctions\\arm_q15_to_float.c 0x00000000   Number         0  arm_q15_to_float.o ABSOLUTE
    C:\\Users\\Lenovo\\STM32Cube\\Repository\\STM32Cube_FW_F4_V1.25.2\\Drivers\\CMSIS\\DSP\\Source\\SupportFunctions\\arm_q15_to_q31.c 0x00000000   Number         0  arm_q15_to_q31.o ABSOLUTE
    C:\\Users\\Lenovo\\STM32Cube\\Repository\\STM32Cube_FW_F4_V1.25.2\\Drivers\\CMSIS\\DSP\\Source\\SupportFunctions\\arm_q15_to_q7.c 0x00000000   Number         0  arm_q15_to_q7.o ABSOLUTE
    C:\\Users\\Lenovo\\STM32Cube\\Repository\\STM32Cube_FW_F4_V1.25.2\\Drivers\\CMSIS\\DSP\\Source\\SupportFunctions\\arm_q31_to_float.c 0x00000000   Number         0  arm_q31_to_float.o ABSOLUTE
    C:\\Users\\Lenovo\\STM32Cube\\Repository\\STM32Cube_FW_F4_V1.25.2\\Drivers\\CMSIS\\DSP\\Source\\SupportFunctions\\arm_q31_to_q15.c 0x00000000   Number         0  arm_q31_to_q15.o ABSOLUTE
    C:\\Users\\Lenovo\\STM32Cube\\Repository\\STM32Cube_FW_F4_V1.25.2\\Drivers\\CMSIS\\DSP\\Source\\SupportFunctions\\arm_q31_to_q7.c 0x00000000   Number         0  arm_q31_to_q7.o ABSOLUTE
    C:\\Users\\Lenovo\\STM32Cube\\Repository\\STM32Cube_FW_F4_V1.25.2\\Drivers\\CMSIS\\DSP\\Source\\SupportFunctions\\arm_q7_to_float.c 0x00000000   Number         0  arm_q7_to_float.o ABSOLUTE
    C:\\Users\\Lenovo\\STM32Cube\\Repository\\STM32Cube_FW_F4_V1.25.2\\Drivers\\CMSIS\\DSP\\Source\\SupportFunctions\\arm_q7_to_q15.c 0x00000000   Number         0  arm_q7_to_q15.o ABSOLUTE
    C:\\Users\\Lenovo\\STM32Cube\\Repository\\STM32Cube_FW_F4_V1.25.2\\Drivers\\CMSIS\\DSP\\Source\\SupportFunctions\\arm_q7_to_q31.c 0x00000000   Number         0  arm_q7_to_q31.o ABSOLUTE
    dc.s                                     0x00000000   Number         0  dc.o ABSOLUTE
    handlers.s                               0x00000000   Number         0  handlers.o ABSOLUTE
    init.s                                   0x00000000   Number         0  init.o ABSOLUTE
    startup_stm32f407xx.s                    0x00000000   Number         0  startup_stm32f407xx.o ABSOLUTE
    RESET                                    0x08000000   Section      392  startup_stm32f407xx.o(RESET)
    .ARM.Collect$$$$00000000                 0x08000188   Section        0  entry.o(.ARM.Collect$$$$00000000)
    .ARM.Collect$$$$00000001                 0x08000188   Section        4  entry2.o(.ARM.Collect$$$$00000001)
    .ARM.Collect$$$$00000004                 0x0800018c   Section        4  entry5.o(.ARM.Collect$$$$00000004)
    .ARM.Collect$$$$00000008                 0x08000190   Section        0  entry7b.o(.ARM.Collect$$$$00000008)
    .ARM.Collect$$$$0000000A                 0x08000190   Section        0  entry8b.o(.ARM.Collect$$$$0000000A)
    .ARM.Collect$$$$0000000B                 0x08000190   Section        8  entry9a.o(.ARM.Collect$$$$0000000B)
    .ARM.Collect$$$$0000000D                 0x08000198   Section        0  entry10a.o(.ARM.Collect$$$$0000000D)
    .ARM.Collect$$$$0000000F                 0x08000198   Section        0  entry11a.o(.ARM.Collect$$$$0000000F)
    .ARM.Collect$$$$00002712                 0x08000198   Section        4  entry2.o(.ARM.Collect$$$$00002712)
    __lit__00000000                          0x08000198   Data           4  entry2.o(.ARM.Collect$$$$00002712)
    .text                                    0x0800019c   Section       36  startup_stm32f407xx.o(.text)
    $v0                                      0x0800019c   Number         0  startup_stm32f407xx.o(.text)
    .text                                    0x080001c0   Section        0  uldiv.o(.text)
    .text                                    0x08000222   Section        0  llshl.o(.text)
    .text                                    0x08000240   Section        0  memseta.o(.text)
    .text                                    0x08000264   Section        0  llushr.o(.text)
    .text                                    0x08000284   Section       36  init.o(.text)
    i.ADC_DMAConvCplt                        0x080002a8   Section        0  stm32f4xx_hal_adc.o(i.ADC_DMAConvCplt)
    ADC_DMAConvCplt                          0x080002a9   Thumb Code   110  stm32f4xx_hal_adc.o(i.ADC_DMAConvCplt)
    i.ADC_DMAError                           0x08000316   Section        0  stm32f4xx_hal_adc.o(i.ADC_DMAError)
    ADC_DMAError                             0x08000317   Thumb Code    22  stm32f4xx_hal_adc.o(i.ADC_DMAError)
    i.ADC_DMAHalfConvCplt                    0x0800032c   Section        0  stm32f4xx_hal_adc.o(i.ADC_DMAHalfConvCplt)
    ADC_DMAHalfConvCplt                      0x0800032d   Thumb Code    10  stm32f4xx_hal_adc.o(i.ADC_DMAHalfConvCplt)
    i.ADC_Init                               0x08000338   Section        0  stm32f4xx_hal_adc.o(i.ADC_Init)
    ADC_Init                                 0x08000339   Thumb Code   284  stm32f4xx_hal_adc.o(i.ADC_Init)
    i.BusFault_Handler                       0x08000460   Section        0  stm32f4xx_it.o(i.BusFault_Handler)
    i.DMA2_Stream0_IRQHandler                0x08000464   Section        0  stm32f4xx_it.o(i.DMA2_Stream0_IRQHandler)
    i.DMA_CalcBaseAndBitshift                0x08000470   Section        0  stm32f4xx_hal_dma.o(i.DMA_CalcBaseAndBitshift)
    DMA_CalcBaseAndBitshift                  0x08000471   Thumb Code    34  stm32f4xx_hal_dma.o(i.DMA_CalcBaseAndBitshift)
    i.DMA_CheckFifoParam                     0x08000498   Section        0  stm32f4xx_hal_dma.o(i.DMA_CheckFifoParam)
    DMA_CheckFifoParam                       0x08000499   Thumb Code    84  stm32f4xx_hal_dma.o(i.DMA_CheckFifoParam)
    i.DMA_SetConfig                          0x080004ec   Section        0  stm32f4xx_hal_dma.o(i.DMA_SetConfig)
    DMA_SetConfig                            0x080004ed   Thumb Code    40  stm32f4xx_hal_dma.o(i.DMA_SetConfig)
    i.DebugMon_Handler                       0x08000514   Section        0  stm32f4xx_it.o(i.DebugMon_Handler)
    i.Error_Handler                          0x08000516   Section        0  main.o(i.Error_Handler)
    i.HAL_ADC_ConfigChannel                  0x08000518   Section        0  stm32f4xx_hal_adc.o(i.HAL_ADC_ConfigChannel)
    i.HAL_ADC_ConvCpltCallback               0x08000664   Section        0  main.o(i.HAL_ADC_ConvCpltCallback)
    i.HAL_ADC_ConvHalfCpltCallback           0x08000680   Section        0  stm32f4xx_hal_adc.o(i.HAL_ADC_ConvHalfCpltCallback)
    i.HAL_ADC_ErrorCallback                  0x08000682   Section        0  stm32f4xx_hal_adc.o(i.HAL_ADC_ErrorCallback)
    i.HAL_ADC_Init                           0x08000684   Section        0  stm32f4xx_hal_adc.o(i.HAL_ADC_Init)
    i.HAL_ADC_MspInit                        0x080006d8   Section        0  adc.o(i.HAL_ADC_MspInit)
    i.HAL_ADC_Start_DMA                      0x08000770   Section        0  stm32f4xx_hal_adc.o(i.HAL_ADC_Start_DMA)
    i.HAL_DMA_IRQHandler                     0x080008a0   Section        0  stm32f4xx_hal_dma.o(i.HAL_DMA_IRQHandler)
    i.HAL_DMA_Init                           0x08000a40   Section        0  stm32f4xx_hal_dma.o(i.HAL_DMA_Init)
    i.HAL_DMA_Start_IT                       0x08000b14   Section        0  stm32f4xx_hal_dma.o(i.HAL_DMA_Start_IT)
    i.HAL_Delay                              0x08000b84   Section        0  stm32f4xx_hal.o(i.HAL_Delay)
    i.HAL_GPIO_Init                          0x08000ba8   Section        0  stm32f4xx_hal_gpio.o(i.HAL_GPIO_Init)
    i.HAL_GPIO_TogglePin                     0x08000d60   Section        0  stm32f4xx_hal_gpio.o(i.HAL_GPIO_TogglePin)
    i.HAL_GPIO_WritePin                      0x08000d6e   Section        0  stm32f4xx_hal_gpio.o(i.HAL_GPIO_WritePin)
    i.HAL_GetTick                            0x08000d78   Section        0  stm32f4xx_hal.o(i.HAL_GetTick)
    i.HAL_IncTick                            0x08000d84   Section        0  stm32f4xx_hal.o(i.HAL_IncTick)
    i.HAL_Init                               0x08000d94   Section        0  stm32f4xx_hal.o(i.HAL_Init)
    i.HAL_InitTick                           0x08000dc8   Section        0  stm32f4xx_hal.o(i.HAL_InitTick)
    i.HAL_MspInit                            0x08000e08   Section        0  stm32f4xx_hal_msp.o(i.HAL_MspInit)
    i.HAL_NVIC_EnableIRQ                     0x08000e38   Section        0  stm32f4xx_hal_cortex.o(i.HAL_NVIC_EnableIRQ)
    i.HAL_NVIC_SetPriority                   0x08000e54   Section        0  stm32f4xx_hal_cortex.o(i.HAL_NVIC_SetPriority)
    i.HAL_NVIC_SetPriorityGrouping           0x08000e94   Section        0  stm32f4xx_hal_cortex.o(i.HAL_NVIC_SetPriorityGrouping)
    i.HAL_RCC_ClockConfig                    0x08000eb8   Section        0  stm32f4xx_hal_rcc.o(i.HAL_RCC_ClockConfig)
    i.HAL_RCC_GetSysClockFreq                0x08000fec   Section        0  stm32f4xx_hal_rcc.o(i.HAL_RCC_GetSysClockFreq)
    i.HAL_RCC_OscConfig                      0x0800104c   Section        0  stm32f4xx_hal_rcc.o(i.HAL_RCC_OscConfig)
    i.HAL_SYSTICK_Config                     0x080013a8   Section        0  stm32f4xx_hal_cortex.o(i.HAL_SYSTICK_Config)
    i.HAL_TIMEx_MasterConfigSynchronization  0x080013d0   Section        0  stm32f4xx_hal_tim_ex.o(i.HAL_TIMEx_MasterConfigSynchronization)
    i.HAL_TIM_Base_Init                      0x08001460   Section        0  stm32f4xx_hal_tim.o(i.HAL_TIM_Base_Init)
    i.HAL_TIM_Base_MspInit                   0x08001498   Section        0  tim.o(i.HAL_TIM_Base_MspInit)
    i.HAL_TIM_Base_Start                     0x080014bc   Section        0  stm32f4xx_hal_tim.o(i.HAL_TIM_Base_Start)
    i.HAL_TIM_ConfigClockSource              0x080014e0   Section        0  stm32f4xx_hal_tim.o(i.HAL_TIM_ConfigClockSource)
    i.HardFault_Handler                      0x080015b6   Section        0  stm32f4xx_it.o(i.HardFault_Handler)
    i.MX_ADC1_Init                           0x080015b8   Section        0  adc.o(i.MX_ADC1_Init)
    i.MX_DMA_Init                            0x0800161c   Section        0  dma.o(i.MX_DMA_Init)
    i.MX_GPIO_Init                           0x08001648   Section        0  gpio.o(i.MX_GPIO_Init)
    i.MX_TIM2_Init                           0x080016b8   Section        0  tim.o(i.MX_TIM2_Init)
    i.MemManage_Handler                      0x08001720   Section        0  stm32f4xx_it.o(i.MemManage_Handler)
    i.NMI_Handler                            0x08001722   Section        0  stm32f4xx_it.o(i.NMI_Handler)
    i.PendSV_Handler                         0x08001724   Section        0  stm32f4xx_it.o(i.PendSV_Handler)
    i.SVC_Handler                            0x08001726   Section        0  stm32f4xx_it.o(i.SVC_Handler)
    i.SysTick_Handler                        0x08001728   Section        0  stm32f4xx_it.o(i.SysTick_Handler)
    i.SystemClock_Config                     0x0800172c   Section        0  main.o(i.SystemClock_Config)
    i.SystemInit                             0x080017b0   Section        0  system_stm32f4xx.o(i.SystemInit)
    i.TIM_Base_SetConfig                     0x080017cc   Section        0  stm32f4xx_hal_tim.o(i.TIM_Base_SetConfig)
    i.TIM_ETR_SetConfig                      0x08001894   Section        0  stm32f4xx_hal_tim.o(i.TIM_ETR_SetConfig)
    i.TIM_ITRx_SetConfig                     0x080018a8   Section        0  stm32f4xx_hal_tim.o(i.TIM_ITRx_SetConfig)
    TIM_ITRx_SetConfig                       0x080018a9   Thumb Code    16  stm32f4xx_hal_tim.o(i.TIM_ITRx_SetConfig)
    i.TIM_TI1_ConfigInputStage               0x080018b8   Section        0  stm32f4xx_hal_tim.o(i.TIM_TI1_ConfigInputStage)
    TIM_TI1_ConfigInputStage                 0x080018b9   Thumb Code    34  stm32f4xx_hal_tim.o(i.TIM_TI1_ConfigInputStage)
    i.TIM_TI2_ConfigInputStage               0x080018da   Section        0  stm32f4xx_hal_tim.o(i.TIM_TI2_ConfigInputStage)
    TIM_TI2_ConfigInputStage                 0x080018db   Thumb Code    36  stm32f4xx_hal_tim.o(i.TIM_TI2_ConfigInputStage)
    i.UsageFault_Handler                     0x080018fe   Section        0  stm32f4xx_it.o(i.UsageFault_Handler)
    i.__NVIC_SetPriority                     0x08001900   Section        0  stm32f4xx_hal_cortex.o(i.__NVIC_SetPriority)
    __NVIC_SetPriority                       0x08001901   Thumb Code    32  stm32f4xx_hal_cortex.o(i.__NVIC_SetPriority)
    i.__scatterload_copy                     0x08001920   Section       14  handlers.o(i.__scatterload_copy)
    i.__scatterload_null                     0x0800192e   Section        2  handlers.o(i.__scatterload_null)
    i.__scatterload_zeroinit                 0x08001930   Section       14  handlers.o(i.__scatterload_zeroinit)
    i.main                                   0x08001940   Section        0  main.o(i.main)
    .constdata                               0x08001990   Section        8  stm32f4xx_hal_dma.o(.constdata)
    flagBitshiftOffset                       0x08001990   Data           8  stm32f4xx_hal_dma.o(.constdata)
    .constdata                               0x08001998   Section       16  system_stm32f4xx.o(.constdata)
    .data                                    0x20000000   Section        4  main.o(.data)
    .data                                    0x20000004   Section       12  stm32f4xx_hal.o(.data)
    .data                                    0x20000010   Section        4  system_stm32f4xx.o(.data)
    .bss                                     0x20000014   Section      168  adc.o(.bss)
    .bss                                     0x200000bc   Section       64  tim.o(.bss)
    STACK                                    0x20000100   Section     1024  startup_stm32f407xx.o(STACK)

    Global Symbols

    Symbol Name                              Value     Ov Type        Size  Object(Section)

    BuildAttributes$$THM_ISAv4$E$P$D$K$B$S$7EM$VFPi3$EXTD16$VFPS$VFMA$PE$A:L22UL41UL21$X:L11$S22US41US21$IEEE1$IW$USESV6$~STKCKD$USESV7$~SHL$OSPACE$ROPI$EBA8$MICROLIB$REQ8$PRES8$EABIv2 0x00000000   Number         0  anon$$obj.o ABSOLUTE
    __ARM_use_no_argv                        0x00000000   Number         0  main.o ABSOLUTE
    __cpp_initialize__aeabi_                  - Undefined Weak Reference
    __cxa_finalize                            - Undefined Weak Reference
    __decompress                              - Undefined Weak Reference
    _clock_init                               - Undefined Weak Reference
    _microlib_exit                            - Undefined Weak Reference
    __Vectors_Size                           0x00000188   Number         0  startup_stm32f407xx.o ABSOLUTE
    __Vectors                                0x08000000   Data           4  startup_stm32f407xx.o(RESET)
    __Vectors_End                            0x08000188   Data           0  startup_stm32f407xx.o(RESET)
    __main                                   0x08000189   Thumb Code     0  entry.o(.ARM.Collect$$$$00000000)
    _main_stk                                0x08000189   Thumb Code     0  entry2.o(.ARM.Collect$$$$00000001)
    _main_scatterload                        0x0800018d   Thumb Code     0  entry5.o(.ARM.Collect$$$$00000004)
    __main_after_scatterload                 0x08000191   Thumb Code     0  entry5.o(.ARM.Collect$$$$00000004)
    _main_clock                              0x08000191   Thumb Code     0  entry7b.o(.ARM.Collect$$$$00000008)
    _main_cpp_init                           0x08000191   Thumb Code     0  entry8b.o(.ARM.Collect$$$$0000000A)
    _main_init                               0x08000191   Thumb Code     0  entry9a.o(.ARM.Collect$$$$0000000B)
    __rt_final_cpp                           0x08000199   Thumb Code     0  entry10a.o(.ARM.Collect$$$$0000000D)
    __rt_final_exit                          0x08000199   Thumb Code     0  entry11a.o(.ARM.Collect$$$$0000000F)
    Reset_Handler                            0x0800019d   Thumb Code     8  startup_stm32f407xx.o(.text)
    ADC_IRQHandler                           0x080001b7   Thumb Code     0  startup_stm32f407xx.o(.text)
    CAN1_RX0_IRQHandler                      0x080001b7   Thumb Code     0  startup_stm32f407xx.o(.text)
    CAN1_RX1_IRQHandler                      0x080001b7   Thumb Code     0  startup_stm32f407xx.o(.text)
    CAN1_SCE_IRQHandler                      0x080001b7   Thumb Code     0  startup_stm32f407xx.o(.text)
    CAN1_TX_IRQHandler                       0x080001b7   Thumb Code     0  startup_stm32f407xx.o(.text)
    CAN2_RX0_IRQHandler                      0x080001b7   Thumb Code     0  startup_stm32f407xx.o(.text)
    CAN2_RX1_IRQHandler                      0x080001b7   Thumb Code     0  startup_stm32f407xx.o(.text)
    CAN2_SCE_IRQHandler                      0x080001b7   Thumb Code     0  startup_stm32f407xx.o(.text)
    CAN2_TX_IRQHandler                       0x080001b7   Thumb Code     0  startup_stm32f407xx.o(.text)
    DCMI_IRQHandler                          0x080001b7   Thumb Code     0  startup_stm32f407xx.o(.text)
    DMA1_Stream0_IRQHandler                  0x080001b7   Thumb Code     0  startup_stm32f407xx.o(.text)
    DMA1_Stream1_IRQHandler                  0x080001b7   Thumb Code     0  startup_stm32f407xx.o(.text)
    DMA1_Stream2_IRQHandler                  0x080001b7   Thumb Code     0  startup_stm32f407xx.o(.text)
    DMA1_Stream3_IRQHandler                  0x080001b7   Thumb Code     0  startup_stm32f407xx.o(.text)
    DMA1_Stream4_IRQHandler                  0x080001b7   Thumb Code     0  startup_stm32f407xx.o(.text)
    DMA1_Stream5_IRQHandler                  0x080001b7   Thumb Code     0  startup_stm32f407xx.o(.text)
    DMA1_Stream6_IRQHandler                  0x080001b7   Thumb Code     0  startup_stm32f407xx.o(.text)
    DMA1_Stream7_IRQHandler                  0x080001b7   Thumb Code     0  startup_stm32f407xx.o(.text)
    DMA2_Stream1_IRQHandler                  0x080001b7   Thumb Code     0  startup_stm32f407xx.o(.text)
    DMA2_Stream2_IRQHandler                  0x080001b7   Thumb Code     0  startup_stm32f407xx.o(.text)
    DMA2_Stream3_IRQHandler                  0x080001b7   Thumb Code     0  startup_stm32f407xx.o(.text)
    DMA2_Stream4_IRQHandler                  0x080001b7   Thumb Code     0  startup_stm32f407xx.o(.text)
    DMA2_Stream5_IRQHandler                  0x080001b7   Thumb Code     0  startup_stm32f407xx.o(.text)
    DMA2_Stream6_IRQHandler                  0x080001b7   Thumb Code     0  startup_stm32f407xx.o(.text)
    DMA2_Stream7_IRQHandler                  0x080001b7   Thumb Code     0  startup_stm32f407xx.o(.text)
    ETH_IRQHandler                           0x080001b7   Thumb Code     0  startup_stm32f407xx.o(.text)
    ETH_WKUP_IRQHandler                      0x080001b7   Thumb Code     0  startup_stm32f407xx.o(.text)
    EXTI0_IRQHandler                         0x080001b7   Thumb Code     0  startup_stm32f407xx.o(.text)
    EXTI15_10_IRQHandler                     0x080001b7   Thumb Code     0  startup_stm32f407xx.o(.text)
    EXTI1_IRQHandler                         0x080001b7   Thumb Code     0  startup_stm32f407xx.o(.text)
    EXTI2_IRQHandler                         0x080001b7   Thumb Code     0  startup_stm32f407xx.o(.text)
    EXTI3_IRQHandler                         0x080001b7   Thumb Code     0  startup_stm32f407xx.o(.text)
    EXTI4_IRQHandler                         0x080001b7   Thumb Code     0  startup_stm32f407xx.o(.text)
    EXTI9_5_IRQHandler                       0x080001b7   Thumb Code     0  startup_stm32f407xx.o(.text)
    FLASH_IRQHandler                         0x080001b7   Thumb Code     0  startup_stm32f407xx.o(.text)
    FMC_IRQHandler                           0x080001b7   Thumb Code     0  startup_stm32f407xx.o(.text)
    FPU_IRQHandler                           0x080001b7   Thumb Code     0  startup_stm32f407xx.o(.text)
    HASH_RNG_IRQHandler                      0x080001b7   Thumb Code     0  startup_stm32f407xx.o(.text)
    I2C1_ER_IRQHandler                       0x080001b7   Thumb Code     0  startup_stm32f407xx.o(.text)
    I2C1_EV_IRQHandler                       0x080001b7   Thumb Code     0  startup_stm32f407xx.o(.text)
    I2C2_ER_IRQHandler                       0x080001b7   Thumb Code     0  startup_stm32f407xx.o(.text)
    I2C2_EV_IRQHandler                       0x080001b7   Thumb Code     0  startup_stm32f407xx.o(.text)
    I2C3_ER_IRQHandler                       0x080001b7   Thumb Code     0  startup_stm32f407xx.o(.text)
    I2C3_EV_IRQHandler                       0x080001b7   Thumb Code     0  startup_stm32f407xx.o(.text)
    OTG_FS_IRQHandler                        0x080001b7   Thumb Code     0  startup_stm32f407xx.o(.text)
    OTG_FS_WKUP_IRQHandler                   0x080001b7   Thumb Code     0  startup_stm32f407xx.o(.text)
    OTG_HS_EP1_IN_IRQHandler                 0x080001b7   Thumb Code     0  startup_stm32f407xx.o(.text)
    OTG_HS_EP1_OUT_IRQHandler                0x080001b7   Thumb Code     0  startup_stm32f407xx.o(.text)
    OTG_HS_IRQHandler                        0x080001b7   Thumb Code     0  startup_stm32f407xx.o(.text)
    OTG_HS_WKUP_IRQHandler                   0x080001b7   Thumb Code     0  startup_stm32f407xx.o(.text)
    PVD_IRQHandler                           0x080001b7   Thumb Code     0  startup_stm32f407xx.o(.text)
    RCC_IRQHandler                           0x080001b7   Thumb Code     0  startup_stm32f407xx.o(.text)
    RTC_Alarm_IRQHandler                     0x080001b7   Thumb Code     0  startup_stm32f407xx.o(.text)
    RTC_WKUP_IRQHandler                      0x080001b7   Thumb Code     0  startup_stm32f407xx.o(.text)
    SDIO_IRQHandler                          0x080001b7   Thumb Code     0  startup_stm32f407xx.o(.text)
    SPI1_IRQHandler                          0x080001b7   Thumb Code     0  startup_stm32f407xx.o(.text)
    SPI2_IRQHandler                          0x080001b7   Thumb Code     0  startup_stm32f407xx.o(.text)
    SPI3_IRQHandler                          0x080001b7   Thumb Code     0  startup_stm32f407xx.o(.text)
    TAMP_STAMP_IRQHandler                    0x080001b7   Thumb Code     0  startup_stm32f407xx.o(.text)
    TIM1_BRK_TIM9_IRQHandler                 0x080001b7   Thumb Code     0  startup_stm32f407xx.o(.text)
    TIM1_CC_IRQHandler                       0x080001b7   Thumb Code     0  startup_stm32f407xx.o(.text)
    TIM1_TRG_COM_TIM11_IRQHandler            0x080001b7   Thumb Code     0  startup_stm32f407xx.o(.text)
    TIM1_UP_TIM10_IRQHandler                 0x080001b7   Thumb Code     0  startup_stm32f407xx.o(.text)
    TIM2_IRQHandler                          0x080001b7   Thumb Code     0  startup_stm32f407xx.o(.text)
    TIM3_IRQHandler                          0x080001b7   Thumb Code     0  startup_stm32f407xx.o(.text)
    TIM4_IRQHandler                          0x080001b7   Thumb Code     0  startup_stm32f407xx.o(.text)
    TIM5_IRQHandler                          0x080001b7   Thumb Code     0  startup_stm32f407xx.o(.text)
    TIM6_DAC_IRQHandler                      0x080001b7   Thumb Code     0  startup_stm32f407xx.o(.text)
    TIM7_IRQHandler                          0x080001b7   Thumb Code     0  startup_stm32f407xx.o(.text)
    TIM8_BRK_TIM12_IRQHandler                0x080001b7   Thumb Code     0  startup_stm32f407xx.o(.text)
    TIM8_CC_IRQHandler                       0x080001b7   Thumb Code     0  startup_stm32f407xx.o(.text)
    TIM8_TRG_COM_TIM14_IRQHandler            0x080001b7   Thumb Code     0  startup_stm32f407xx.o(.text)
    TIM8_UP_TIM13_IRQHandler                 0x080001b7   Thumb Code     0  startup_stm32f407xx.o(.text)
    UART4_IRQHandler                         0x080001b7   Thumb Code     0  startup_stm32f407xx.o(.text)
    UART5_IRQHandler                         0x080001b7   Thumb Code     0  startup_stm32f407xx.o(.text)
    USART1_IRQHandler                        0x080001b7   Thumb Code     0  startup_stm32f407xx.o(.text)
    USART2_IRQHandler                        0x080001b7   Thumb Code     0  startup_stm32f407xx.o(.text)
    USART3_IRQHandler                        0x080001b7   Thumb Code     0  startup_stm32f407xx.o(.text)
    USART6_IRQHandler                        0x080001b7   Thumb Code     0  startup_stm32f407xx.o(.text)
    WWDG_IRQHandler                          0x080001b7   Thumb Code     0  startup_stm32f407xx.o(.text)
    __aeabi_uldivmod                         0x080001c1   Thumb Code    98  uldiv.o(.text)
    __aeabi_llsl                             0x08000223   Thumb Code    30  llshl.o(.text)
    _ll_shift_l                              0x08000223   Thumb Code     0  llshl.o(.text)
    __aeabi_memset                           0x08000241   Thumb Code    14  memseta.o(.text)
    __aeabi_memset4                          0x08000241   Thumb Code     0  memseta.o(.text)
    __aeabi_memset8                          0x08000241   Thumb Code     0  memseta.o(.text)
    __aeabi_memclr                           0x0800024f   Thumb Code     4  memseta.o(.text)
    __aeabi_memclr4                          0x0800024f   Thumb Code     0  memseta.o(.text)
    __aeabi_memclr8                          0x0800024f   Thumb Code     0  memseta.o(.text)
    _memset$wrapper                          0x08000253   Thumb Code    18  memseta.o(.text)
    __aeabi_llsr                             0x08000265   Thumb Code    32  llushr.o(.text)
    _ll_ushift_r                             0x08000265   Thumb Code     0  llushr.o(.text)
    __scatterload                            0x08000285   Thumb Code    28  init.o(.text)
    __scatterload_rt2                        0x08000285   Thumb Code     0  init.o(.text)
    BusFault_Handler                         0x08000461   Thumb Code     2  stm32f4xx_it.o(i.BusFault_Handler)
    DMA2_Stream0_IRQHandler                  0x08000465   Thumb Code     6  stm32f4xx_it.o(i.DMA2_Stream0_IRQHandler)
    DebugMon_Handler                         0x08000515   Thumb Code     2  stm32f4xx_it.o(i.DebugMon_Handler)
    Error_Handler                            0x08000517   Thumb Code     2  main.o(i.Error_Handler)
    HAL_ADC_ConfigChannel                    0x08000519   Thumb Code   316  stm32f4xx_hal_adc.o(i.HAL_ADC_ConfigChannel)
    HAL_ADC_ConvCpltCallback                 0x08000665   Thumb Code    20  main.o(i.HAL_ADC_ConvCpltCallback)
    HAL_ADC_ConvHalfCpltCallback             0x08000681   Thumb Code     2  stm32f4xx_hal_adc.o(i.HAL_ADC_ConvHalfCpltCallback)
    HAL_ADC_ErrorCallback                    0x08000683   Thumb Code     2  stm32f4xx_hal_adc.o(i.HAL_ADC_ErrorCallback)
    HAL_ADC_Init                             0x08000685   Thumb Code    84  stm32f4xx_hal_adc.o(i.HAL_ADC_Init)
    HAL_ADC_MspInit                          0x080006d9   Thumb Code   132  adc.o(i.HAL_ADC_MspInit)
    HAL_ADC_Start_DMA                        0x08000771   Thumb Code   268  stm32f4xx_hal_adc.o(i.HAL_ADC_Start_DMA)
    HAL_DMA_IRQHandler                       0x080008a1   Thumb Code   412  stm32f4xx_hal_dma.o(i.HAL_DMA_IRQHandler)
    HAL_DMA_Init                             0x08000a41   Thumb Code   206  stm32f4xx_hal_dma.o(i.HAL_DMA_Init)
    HAL_DMA_Start_IT                         0x08000b15   Thumb Code   110  stm32f4xx_hal_dma.o(i.HAL_DMA_Start_IT)
    HAL_Delay                                0x08000b85   Thumb Code    32  stm32f4xx_hal.o(i.HAL_Delay)
    HAL_GPIO_Init                            0x08000ba9   Thumb Code   394  stm32f4xx_hal_gpio.o(i.HAL_GPIO_Init)
    HAL_GPIO_TogglePin                       0x08000d61   Thumb Code    14  stm32f4xx_hal_gpio.o(i.HAL_GPIO_TogglePin)
    HAL_GPIO_WritePin                        0x08000d6f   Thumb Code    10  stm32f4xx_hal_gpio.o(i.HAL_GPIO_WritePin)
    HAL_GetTick                              0x08000d79   Thumb Code     6  stm32f4xx_hal.o(i.HAL_GetTick)
    HAL_IncTick                              0x08000d85   Thumb Code    12  stm32f4xx_hal.o(i.HAL_IncTick)
    HAL_Init                                 0x08000d95   Thumb Code    48  stm32f4xx_hal.o(i.HAL_Init)
    HAL_InitTick                             0x08000dc9   Thumb Code    54  stm32f4xx_hal.o(i.HAL_InitTick)
    HAL_MspInit                              0x08000e09   Thumb Code    42  stm32f4xx_hal_msp.o(i.HAL_MspInit)
    HAL_NVIC_EnableIRQ                       0x08000e39   Thumb Code    26  stm32f4xx_hal_cortex.o(i.HAL_NVIC_EnableIRQ)
    HAL_NVIC_SetPriority                     0x08000e55   Thumb Code    60  stm32f4xx_hal_cortex.o(i.HAL_NVIC_SetPriority)
    HAL_NVIC_SetPriorityGrouping             0x08000e95   Thumb Code    26  stm32f4xx_hal_cortex.o(i.HAL_NVIC_SetPriorityGrouping)
    HAL_RCC_ClockConfig                      0x08000eb9   Thumb Code   288  stm32f4xx_hal_rcc.o(i.HAL_RCC_ClockConfig)
    HAL_RCC_GetSysClockFreq                  0x08000fed   Thumb Code    88  stm32f4xx_hal_rcc.o(i.HAL_RCC_GetSysClockFreq)
    HAL_RCC_OscConfig                        0x0800104d   Thumb Code   840  stm32f4xx_hal_rcc.o(i.HAL_RCC_OscConfig)
    HAL_SYSTICK_Config                       0x080013a9   Thumb Code    40  stm32f4xx_hal_cortex.o(i.HAL_SYSTICK_Config)
    HAL_TIMEx_MasterConfigSynchronization    0x080013d1   Thumb Code   116  stm32f4xx_hal_tim_ex.o(i.HAL_TIMEx_MasterConfigSynchronization)
    HAL_TIM_Base_Init                        0x08001461   Thumb Code    54  stm32f4xx_hal_tim.o(i.HAL_TIM_Base_Init)
    HAL_TIM_Base_MspInit                     0x08001499   Thumb Code    30  tim.o(i.HAL_TIM_Base_MspInit)
    HAL_TIM_Base_Start                       0x080014bd   Thumb Code    36  stm32f4xx_hal_tim.o(i.HAL_TIM_Base_Start)
    HAL_TIM_ConfigClockSource                0x080014e1   Thumb Code   214  stm32f4xx_hal_tim.o(i.HAL_TIM_ConfigClockSource)
    HardFault_Handler                        0x080015b7   Thumb Code     2  stm32f4xx_it.o(i.HardFault_Handler)
    MX_ADC1_Init                             0x080015b9   Thumb Code    90  adc.o(i.MX_ADC1_Init)
    MX_DMA_Init                              0x0800161d   Thumb Code    40  dma.o(i.MX_DMA_Init)
    MX_GPIO_Init                             0x08001649   Thumb Code   102  gpio.o(i.MX_GPIO_Init)
    MX_TIM2_Init                             0x080016b9   Thumb Code    98  tim.o(i.MX_TIM2_Init)
    MemManage_Handler                        0x08001721   Thumb Code     2  stm32f4xx_it.o(i.MemManage_Handler)
    NMI_Handler                              0x08001723   Thumb Code     2  stm32f4xx_it.o(i.NMI_Handler)
    PendSV_Handler                           0x08001725   Thumb Code     2  stm32f4xx_it.o(i.PendSV_Handler)
    SVC_Handler                              0x08001727   Thumb Code     2  stm32f4xx_it.o(i.SVC_Handler)
    SysTick_Handler                          0x08001729   Thumb Code     4  stm32f4xx_it.o(i.SysTick_Handler)
    SystemClock_Config                       0x0800172d   Thumb Code   122  main.o(i.SystemClock_Config)
    SystemInit                               0x080017b1   Thumb Code    22  system_stm32f4xx.o(i.SystemInit)
    TIM_Base_SetConfig                       0x080017cd   Thumb Code   156  stm32f4xx_hal_tim.o(i.TIM_Base_SetConfig)
    TIM_ETR_SetConfig                        0x08001895   Thumb Code    20  stm32f4xx_hal_tim.o(i.TIM_ETR_SetConfig)
    UsageFault_Handler                       0x080018ff   Thumb Code     2  stm32f4xx_it.o(i.UsageFault_Handler)
    __scatterload_copy                       0x08001921   Thumb Code    14  handlers.o(i.__scatterload_copy)
    __scatterload_null                       0x0800192f   Thumb Code     2  handlers.o(i.__scatterload_null)
    __scatterload_zeroinit                   0x08001931   Thumb Code    14  handlers.o(i.__scatterload_zeroinit)
    main                                     0x08001941   Thumb Code    62  main.o(i.main)
    AHBPrescTable                            0x08001998   Data          16  system_stm32f4xx.o(.constdata)
    Region$$Table$$Base                      0x080019a8   Number         0  anon$$obj.o(Region$$Table)
    Region$$Table$$Limit                     0x080019c8   Number         0  anon$$obj.o(Region$$Table)
    ADC_buffer                               0x20000000   Data           2  main.o(.data)
    data                                     0x20000002   Data           2  main.o(.data)
    uwTickFreq                               0x20000004   Data           1  stm32f4xx_hal.o(.data)
    uwTickPrio                               0x20000008   Data           4  stm32f4xx_hal.o(.data)
    uwTick                                   0x2000000c   Data           4  stm32f4xx_hal.o(.data)
    SystemCoreClock                          0x20000010   Data           4  system_stm32f4xx.o(.data)
    hadc1                                    0x20000014   Data          72  adc.o(.bss)
    hdma_adc1                                0x2000005c   Data          96  adc.o(.bss)
    htim2                                    0x200000bc   Data          64  tim.o(.bss)
    __initial_sp                             0x20000500   Data           0  startup_stm32f407xx.o(STACK)



==============================================================================

Memory Map of the image

  Image Entry point : 0x08000189

  Load Region LR_IROM1 (Base: 0x08000000, Size: 0x000019dc, Max: 0x00100000, ABSOLUTE)

    Execution Region ER_IROM1 (Exec base: 0x08000000, Load base: 0x08000000, Size: 0x000019c8, Max: 0x00100000, ABSOLUTE)

    Exec Addr    Load Addr    Size         Type   Attr      Idx    E Section Name        Object

    0x08000000   0x08000000   0x00000188   Data   RO            3    RESET               startup_stm32f407xx.o
    0x08000188   0x08000188   0x00000000   Code   RO         4435  * .ARM.Collect$$$$00000000  mc_w.l(entry.o)
    0x08000188   0x08000188   0x00000004   Code   RO         4446    .ARM.Collect$$$$00000001  mc_w.l(entry2.o)
    0x0800018c   0x0800018c   0x00000004   Code   RO         4449    .ARM.Collect$$$$00000004  mc_w.l(entry5.o)
    0x08000190   0x08000190   0x00000000   Code   RO         4451    .ARM.Collect$$$$00000008  mc_w.l(entry7b.o)
    0x08000190   0x08000190   0x00000000   Code   RO         4453    .ARM.Collect$$$$0000000A  mc_w.l(entry8b.o)
    0x08000190   0x08000190   0x00000008   Code   RO         4454    .ARM.Collect$$$$0000000B  mc_w.l(entry9a.o)
    0x08000198   0x08000198   0x00000000   Code   RO         4456    .ARM.Collect$$$$0000000D  mc_w.l(entry10a.o)
    0x08000198   0x08000198   0x00000000   Code   RO         4458    .ARM.Collect$$$$0000000F  mc_w.l(entry11a.o)
    0x08000198   0x08000198   0x00000004   Code   RO         4447    .ARM.Collect$$$$00002712  mc_w.l(entry2.o)
    0x0800019c   0x0800019c   0x00000024   Code   RO            4    .text               startup_stm32f407xx.o
    0x080001c0   0x080001c0   0x00000062   Code   RO         4438    .text               mc_w.l(uldiv.o)
    0x08000222   0x08000222   0x0000001e   Code   RO         4440    .text               mc_w.l(llshl.o)
    0x08000240   0x08000240   0x00000024   Code   RO         4442    .text               mc_w.l(memseta.o)
    0x08000264   0x08000264   0x00000020   Code   RO         4460    .text               mc_w.l(llushr.o)
    0x08000284   0x08000284   0x00000024   Code   RO         4463    .text               mc_w.l(init.o)
    0x080002a8   0x080002a8   0x0000006e   Code   RO          513    i.ADC_DMAConvCplt   stm32f4xx_hal_adc.o
    0x08000316   0x08000316   0x00000016   Code   RO          514    i.ADC_DMAError      stm32f4xx_hal_adc.o
    0x0800032c   0x0800032c   0x0000000a   Code   RO          515    i.ADC_DMAHalfConvCplt  stm32f4xx_hal_adc.o
    0x08000336   0x08000336   0x00000002   PAD
    0x08000338   0x08000338   0x00000128   Code   RO          516    i.ADC_Init          stm32f4xx_hal_adc.o
    0x08000460   0x08000460   0x00000002   Code   RO          407    i.BusFault_Handler  stm32f4xx_it.o
    0x08000462   0x08000462   0x00000002   PAD
    0x08000464   0x08000464   0x0000000c   Code   RO          408    i.DMA2_Stream0_IRQHandler  stm32f4xx_it.o
    0x08000470   0x08000470   0x00000028   Code   RO         1247    i.DMA_CalcBaseAndBitshift  stm32f4xx_hal_dma.o
    0x08000498   0x08000498   0x00000054   Code   RO         1248    i.DMA_CheckFifoParam  stm32f4xx_hal_dma.o
    0x080004ec   0x080004ec   0x00000028   Code   RO         1249    i.DMA_SetConfig     stm32f4xx_hal_dma.o
    0x08000514   0x08000514   0x00000002   Code   RO          409    i.DebugMon_Handler  stm32f4xx_it.o
    0x08000516   0x08000516   0x00000002   Code   RO           13    i.Error_Handler     main.o
    0x08000518   0x08000518   0x0000014c   Code   RO          518    i.HAL_ADC_ConfigChannel  stm32f4xx_hal_adc.o
    0x08000664   0x08000664   0x0000001c   Code   RO           14    i.HAL_ADC_ConvCpltCallback  main.o
    0x08000680   0x08000680   0x00000002   Code   RO          520    i.HAL_ADC_ConvHalfCpltCallback  stm32f4xx_hal_adc.o
    0x08000682   0x08000682   0x00000002   Code   RO          522    i.HAL_ADC_ErrorCallback  stm32f4xx_hal_adc.o
    0x08000684   0x08000684   0x00000054   Code   RO          527    i.HAL_ADC_Init      stm32f4xx_hal_adc.o
    0x080006d8   0x080006d8   0x00000098   Code   RO          207    i.HAL_ADC_MspInit   adc.o
    0x08000770   0x08000770   0x00000130   Code   RO          534    i.HAL_ADC_Start_DMA  stm32f4xx_hal_adc.o
    0x080008a0   0x080008a0   0x000001a0   Code   RO         1255    i.HAL_DMA_IRQHandler  stm32f4xx_hal_dma.o
    0x08000a40   0x08000a40   0x000000d4   Code   RO         1256    i.HAL_DMA_Init      stm32f4xx_hal_dma.o
    0x08000b14   0x08000b14   0x0000006e   Code   RO         1260    i.HAL_DMA_Start_IT  stm32f4xx_hal_dma.o
    0x08000b82   0x08000b82   0x00000002   PAD
    0x08000b84   0x08000b84   0x00000024   Code   RO         1669    i.HAL_Delay         stm32f4xx_hal.o
    0x08000ba8   0x08000ba8   0x000001b8   Code   RO         1143    i.HAL_GPIO_Init     stm32f4xx_hal_gpio.o
    0x08000d60   0x08000d60   0x0000000e   Code   RO         1146    i.HAL_GPIO_TogglePin  stm32f4xx_hal_gpio.o
    0x08000d6e   0x08000d6e   0x0000000a   Code   RO         1147    i.HAL_GPIO_WritePin  stm32f4xx_hal_gpio.o
    0x08000d78   0x08000d78   0x0000000c   Code   RO         1675    i.HAL_GetTick       stm32f4xx_hal.o
    0x08000d84   0x08000d84   0x00000010   Code   RO         1681    i.HAL_IncTick       stm32f4xx_hal.o
    0x08000d94   0x08000d94   0x00000034   Code   RO         1682    i.HAL_Init          stm32f4xx_hal.o
    0x08000dc8   0x08000dc8   0x00000040   Code   RO         1683    i.HAL_InitTick      stm32f4xx_hal.o
    0x08000e08   0x08000e08   0x00000030   Code   RO          489    i.HAL_MspInit       stm32f4xx_hal_msp.o
    0x08000e38   0x08000e38   0x0000001a   Code   RO         1532    i.HAL_NVIC_EnableIRQ  stm32f4xx_hal_cortex.o
    0x08000e52   0x08000e52   0x00000002   PAD
    0x08000e54   0x08000e54   0x00000040   Code   RO         1538    i.HAL_NVIC_SetPriority  stm32f4xx_hal_cortex.o
    0x08000e94   0x08000e94   0x00000024   Code   RO         1539    i.HAL_NVIC_SetPriorityGrouping  stm32f4xx_hal_cortex.o
    0x08000eb8   0x08000eb8   0x00000134   Code   RO          789    i.HAL_RCC_ClockConfig  stm32f4xx_hal_rcc.o
    0x08000fec   0x08000fec   0x00000060   Code   RO          798    i.HAL_RCC_GetSysClockFreq  stm32f4xx_hal_rcc.o
    0x0800104c   0x0800104c   0x0000035c   Code   RO          801    i.HAL_RCC_OscConfig  stm32f4xx_hal_rcc.o
    0x080013a8   0x080013a8   0x00000028   Code   RO         1543    i.HAL_SYSTICK_Config  stm32f4xx_hal_cortex.o
    0x080013d0   0x080013d0   0x00000090   Code   RO         2615    i.HAL_TIMEx_MasterConfigSynchronization  stm32f4xx_hal_tim_ex.o
    0x08001460   0x08001460   0x00000036   Code   RO         1922    i.HAL_TIM_Base_Init  stm32f4xx_hal_tim.o
    0x08001496   0x08001496   0x00000002   PAD
    0x08001498   0x08001498   0x00000024   Code   RO          273    i.HAL_TIM_Base_MspInit  tim.o
    0x080014bc   0x080014bc   0x00000024   Code   RO         1925    i.HAL_TIM_Base_Start  stm32f4xx_hal_tim.o
    0x080014e0   0x080014e0   0x000000d6   Code   RO         1931    i.HAL_TIM_ConfigClockSource  stm32f4xx_hal_tim.o
    0x080015b6   0x080015b6   0x00000002   Code   RO          410    i.HardFault_Handler  stm32f4xx_it.o
    0x080015b8   0x080015b8   0x00000064   Code   RO          208    i.MX_ADC1_Init      adc.o
    0x0800161c   0x0800161c   0x0000002c   Code   RO          248    i.MX_DMA_Init       dma.o
    0x08001648   0x08001648   0x00000070   Code   RO          182    i.MX_GPIO_Init      gpio.o
    0x080016b8   0x080016b8   0x00000068   Code   RO          274    i.MX_TIM2_Init      tim.o
    0x08001720   0x08001720   0x00000002   Code   RO          411    i.MemManage_Handler  stm32f4xx_it.o
    0x08001722   0x08001722   0x00000002   Code   RO          412    i.NMI_Handler       stm32f4xx_it.o
    0x08001724   0x08001724   0x00000002   Code   RO          413    i.PendSV_Handler    stm32f4xx_it.o
    0x08001726   0x08001726   0x00000002   Code   RO          414    i.SVC_Handler       stm32f4xx_it.o
    0x08001728   0x08001728   0x00000004   Code   RO          415    i.SysTick_Handler   stm32f4xx_it.o
    0x0800172c   0x0800172c   0x00000084   Code   RO           15    i.SystemClock_Config  main.o
    0x080017b0   0x080017b0   0x0000001c   Code   RO         2849    i.SystemInit        system_stm32f4xx.o
    0x080017cc   0x080017cc   0x000000c8   Code   RO         2010    i.TIM_Base_SetConfig  stm32f4xx_hal_tim.o
    0x08001894   0x08001894   0x00000014   Code   RO         2021    i.TIM_ETR_SetConfig  stm32f4xx_hal_tim.o
    0x080018a8   0x080018a8   0x00000010   Code   RO         2022    i.TIM_ITRx_SetConfig  stm32f4xx_hal_tim.o
    0x080018b8   0x080018b8   0x00000022   Code   RO         2028    i.TIM_TI1_ConfigInputStage  stm32f4xx_hal_tim.o
    0x080018da   0x080018da   0x00000024   Code   RO         2030    i.TIM_TI2_ConfigInputStage  stm32f4xx_hal_tim.o
    0x080018fe   0x080018fe   0x00000002   Code   RO          416    i.UsageFault_Handler  stm32f4xx_it.o
    0x08001900   0x08001900   0x00000020   Code   RO         1545    i.__NVIC_SetPriority  stm32f4xx_hal_cortex.o
    0x08001920   0x08001920   0x0000000e   Code   RO         4467    i.__scatterload_copy  mc_w.l(handlers.o)
    0x0800192e   0x0800192e   0x00000002   Code   RO         4468    i.__scatterload_null  mc_w.l(handlers.o)
    0x08001930   0x08001930   0x0000000e   Code   RO         4469    i.__scatterload_zeroinit  mc_w.l(handlers.o)
    0x0800193e   0x0800193e   0x00000002   PAD
    0x08001940   0x08001940   0x00000050   Code   RO           16    i.main              main.o
    0x08001990   0x08001990   0x00000008   Data   RO         1262    .constdata          stm32f4xx_hal_dma.o
    0x08001998   0x08001998   0x00000010   Data   RO         2850    .constdata          system_stm32f4xx.o
    0x080019a8   0x080019a8   0x00000020   Data   RO         4465    Region$$Table       anon$$obj.o


    Execution Region RW_IRAM2 (Exec base: 0x10000000, Load base: 0x080019dc, Size: 0x00000000, Max: 0x00010000, ABSOLUTE)

    **** No section assigned to this execution region ****


    Execution Region RW_IRAM1 (Exec base: 0x20000000, Load base: 0x080019c8, Size: 0x00000500, Max: 0x00020000, ABSOLUTE)

    Exec Addr    Load Addr    Size         Type   Attr      Idx    E Section Name        Object

    0x20000000   0x080019c8   0x00000004   Data   RW           17    .data               main.o
    0x20000004   0x080019cc   0x0000000c   Data   RW         1689    .data               stm32f4xx_hal.o
    0x20000010   0x080019d8   0x00000004   Data   RW         2852    .data               system_stm32f4xx.o
    0x20000014        -       0x000000a8   Zero   RW          209    .bss                adc.o
    0x200000bc        -       0x00000040   Zero   RW          275    .bss                tim.o
    0x200000fc   0x080019dc   0x00000004   PAD
    0x20000100        -       0x00000400   Zero   RW            1    STACK               startup_stm32f407xx.o


==============================================================================

Image component sizes


      Code (inc. data)   RO Data    RW Data    ZI Data      Debug   Object Name

       252         30          0          0        168       1815   adc.o
        44          4          0          0          0        798   dma.o
       112         10          0          0          0        939   gpio.o
       242         36          0          4          0     693089   main.o
        36          8        392          0       1024        848   startup_stm32f407xx.o
       180         28          0         12          0       9497   stm32f4xx_hal.o
      1162         64          0          0          0       6954   stm32f4xx_hal_adc.o
       198         14          0          0          0      34007   stm32f4xx_hal_cortex.o
       902         16          8          0          0       5879   stm32f4xx_hal_dma.o
       464         46          0          0          0       3065   stm32f4xx_hal_gpio.o
        48          6          0          0          0        878   stm32f4xx_hal_msp.o
      1264         48          0          0          0       4078   stm32f4xx_hal_rcc.o
       610         44          0          0          0       6932   stm32f4xx_hal_tim.o
       144         28          0          0          0       1364   stm32f4xx_hal_tim_ex.o
        32          6          0          0          0       4752   stm32f4xx_it.o
        28          6         16          4          0       1191   system_stm32f4xx.o
       140         12          0          0         64     604230   tim.o

    ----------------------------------------------------------------------
      5868        406        448         20       1260    1380316   Object Totals
         0          0         32          0          0          0   (incl. Generated)
        10          0          0          0          4          0   (incl. Padding)

    ----------------------------------------------------------------------

      Code (inc. data)   RO Data    RW Data    ZI Data      Debug   Library Member Name

         0          0          0          0          0          0   entry.o
         0          0          0          0          0          0   entry10a.o
         0          0          0          0          0          0   entry11a.o
         8          4          0          0          0          0   entry2.o
         4          0          0          0          0          0   entry5.o
         0          0          0          0          0          0   entry7b.o
         0          0          0          0          0          0   entry8b.o
         8          4          0          0          0          0   entry9a.o
        30          0          0          0          0          0   handlers.o
        36          8          0          0          0         68   init.o
        30          0          0          0          0         68   llshl.o
        32          0          0          0          0         68   llushr.o
        36          0          0          0          0        108   memseta.o
        98          0          0          0          0         92   uldiv.o

    ----------------------------------------------------------------------
       284         16          0          0          0        404   Library Totals
         2          0          0          0          0          0   (incl. Padding)

    ----------------------------------------------------------------------

      Code (inc. data)   RO Data    RW Data    ZI Data      Debug   Library Name

       282         16          0          0          0        404   mc_w.l

    ----------------------------------------------------------------------
       284         16          0          0          0        404   Library Totals

    ----------------------------------------------------------------------

==============================================================================


      Code (inc. data)   RO Data    RW Data    ZI Data      Debug   

      6152        422        448         20       1260    1375320   Grand Totals
      6152        422        448         20       1260    1375320   ELF Image Totals
      6152        422        448         20          0          0   ROM Totals

==============================================================================

    Total RO  Size (Code + RO Data)                 6600 (   6.45kB)
    Total RW  Size (RW Data + ZI Data)              1280 (   1.25kB)
    Total ROM Size (Code + RO Data + RW Data)       6620 (   6.46kB)

==============================================================================

